Component: Arm Compiler for Embedded 6.19 Tool: armlink [5e73cb00]

==============================================================================

Section Cross References

    main.o(.ARM.exidx.text.main) refers to main.o(.text.main) for [Anonymous Symbol]
    hal_adc.o(.text.ADC_DeInit) refers to hal_rcc.o(.text.exRCC_APB2PeriphReset) for exRCC_APB2PeriphReset
    hal_adc.o(.ARM.exidx.text.ADC_DeInit) refers to hal_adc.o(.text.ADC_DeInit) for [Anonymous Symbol]
    hal_adc.o(.ARM.exidx.text.ADC_Init) refers to hal_adc.o(.text.ADC_Init) for [Anonymous Symbol]
    hal_adc.o(.ARM.exidx.text.ADC_StructInit) refers to hal_adc.o(.text.ADC_StructInit) for [Anonymous Symbol]
    hal_adc.o(.ARM.exidx.text.ADC_Cmd) refers to hal_adc.o(.text.ADC_Cmd) for [Anonymous Symbol]
    hal_adc.o(.ARM.exidx.text.ADC_DMACmd) refers to hal_adc.o(.text.ADC_DMACmd) for [Anonymous Symbol]
    hal_adc.o(.ARM.exidx.text.ADC_ITConfig) refers to hal_adc.o(.text.ADC_ITConfig) for [Anonymous Symbol]
    hal_adc.o(.ARM.exidx.text.ADC_SoftwareStartConvCmd) refers to hal_adc.o(.text.ADC_SoftwareStartConvCmd) for [Anonymous Symbol]
    hal_adc.o(.ARM.exidx.text.ADC_GetSoftwareStartConvStatus) refers to hal_adc.o(.text.ADC_GetSoftwareStartConvStatus) for [Anonymous Symbol]
    hal_adc.o(.ARM.exidx.text.ADC_RegularChannelConfig) refers to hal_adc.o(.text.ADC_RegularChannelConfig) for [Anonymous Symbol]
    hal_adc.o(.ARM.exidx.text.ADC_ChannelCmd) refers to hal_adc.o(.text.ADC_ChannelCmd) for [Anonymous Symbol]
    hal_adc.o(.ARM.exidx.text.ADC_ExternalTrigConvCmd) refers to hal_adc.o(.text.ADC_ExternalTrigConvCmd) for [Anonymous Symbol]
    hal_adc.o(.ARM.exidx.text.ADC_ExternalTrigConvConfig) refers to hal_adc.o(.text.ADC_ExternalTrigConvConfig) for [Anonymous Symbol]
    hal_adc.o(.ARM.exidx.text.ADC_GetConversionValue) refers to hal_adc.o(.text.ADC_GetConversionValue) for [Anonymous Symbol]
    hal_adc.o(.ARM.exidx.text.ADC_GetDualModeConversionValue) refers to hal_adc.o(.text.ADC_GetDualModeConversionValue) for [Anonymous Symbol]
    hal_adc.o(.ARM.exidx.text.ADC_AnalogWatchdogCmd) refers to hal_adc.o(.text.ADC_AnalogWatchdogCmd) for [Anonymous Symbol]
    hal_adc.o(.ARM.exidx.text.ADC_AnalogWatchdogThresholdsConfig) refers to hal_adc.o(.text.ADC_AnalogWatchdogThresholdsConfig) for [Anonymous Symbol]
    hal_adc.o(.ARM.exidx.text.ADC_AnalogWatchdogSingleChannelConfig) refers to hal_adc.o(.text.ADC_AnalogWatchdogSingleChannelConfig) for [Anonymous Symbol]
    hal_adc.o(.ARM.exidx.text.ADC_TempSensorVrefintCmd) refers to hal_adc.o(.text.ADC_TempSensorVrefintCmd) for [Anonymous Symbol]
    hal_adc.o(.ARM.exidx.text.ADC_TempSensorCmd) refers to hal_adc.o(.text.ADC_TempSensorCmd) for [Anonymous Symbol]
    hal_adc.o(.ARM.exidx.text.ADC_VrefintCmd) refers to hal_adc.o(.text.ADC_VrefintCmd) for [Anonymous Symbol]
    hal_adc.o(.ARM.exidx.text.exADC_TempSensorVrefintCmd) refers to hal_adc.o(.text.exADC_TempSensorVrefintCmd) for [Anonymous Symbol]
    hal_adc.o(.ARM.exidx.text.ADC_GetFlagStatus) refers to hal_adc.o(.text.ADC_GetFlagStatus) for [Anonymous Symbol]
    hal_adc.o(.ARM.exidx.text.ADC_ClearFlag) refers to hal_adc.o(.text.ADC_ClearFlag) for [Anonymous Symbol]
    hal_adc.o(.ARM.exidx.text.ADC_GetITStatus) refers to hal_adc.o(.text.ADC_GetITStatus) for [Anonymous Symbol]
    hal_adc.o(.ARM.exidx.text.ADC_ClearITPendingBit) refers to hal_adc.o(.text.ADC_ClearITPendingBit) for [Anonymous Symbol]
    hal_adc.o(.ARM.exidx.text.ADC_ANY_CH_Config) refers to hal_adc.o(.text.ADC_ANY_CH_Config) for [Anonymous Symbol]
    hal_adc.o(.ARM.exidx.text.ADC_ANY_NUM_Config) refers to hal_adc.o(.text.ADC_ANY_NUM_Config) for [Anonymous Symbol]
    hal_adc.o(.ARM.exidx.text.ADC_ANY_Cmd) refers to hal_adc.o(.text.ADC_ANY_Cmd) for [Anonymous Symbol]
    hal_adc.o(.ARM.exidx.text.ADC_AutoInjectedConvCmd) refers to hal_adc.o(.text.ADC_AutoInjectedConvCmd) for [Anonymous Symbol]
    hal_adc.o(.ARM.exidx.text.ADC_ExternalTrigInjectedConvertConfig) refers to hal_adc.o(.text.ADC_ExternalTrigInjectedConvertConfig) for [Anonymous Symbol]
    hal_adc.o(.ARM.exidx.text.ADC_ExternalTrigInjectedConvCmd) refers to hal_adc.o(.text.ADC_ExternalTrigInjectedConvCmd) for [Anonymous Symbol]
    hal_adc.o(.ARM.exidx.text.ADC_InjectedConvCmd) refers to hal_adc.o(.text.ADC_InjectedConvCmd) for [Anonymous Symbol]
    hal_adc.o(.ARM.exidx.text.ADC_SoftwareStartInjectedConvCmd) refers to hal_adc.o(.text.ADC_SoftwareStartInjectedConvCmd) for [Anonymous Symbol]
    hal_adc.o(.ARM.exidx.text.ADC_InjectedSequencerConfig) refers to hal_adc.o(.text.ADC_InjectedSequencerConfig) for [Anonymous Symbol]
    hal_adc.o(.ARM.exidx.text.ADC_InjectedSequencerLengthConfig) refers to hal_adc.o(.text.ADC_InjectedSequencerLengthConfig) for [Anonymous Symbol]
    hal_adc.o(.ARM.exidx.text.ADC_InjectedSequencerChannelConfig) refers to hal_adc.o(.text.ADC_InjectedSequencerChannelConfig) for [Anonymous Symbol]
[...]
    Removing hal_exti.o(.ARM.exidx.text.EXTI_MemoryRemapConfig), (8 bytes).
    Removing hal_exti.o(.text.EXTI_DMAChannelRemapConfig), (28 bytes).
    Removing hal_exti.o(.ARM.exidx.text.EXTI_DMAChannelRemapConfig), (8 bytes).
    Removing hal_exti.o(.text.EXTI_LineConfig), (36 bytes).
    Removing hal_exti.o(.ARM.exidx.text.EXTI_LineConfig), (8 bytes).
    Removing hal_exti.o(.text.EXTI_Init), (120 bytes).
    Removing hal_exti.o(.ARM.exidx.text.EXTI_Init), (8 bytes).
    Removing hal_exti.o(.text.EXTI_StructInit), (14 bytes).
    Removing hal_exti.o(.ARM.exidx.text.EXTI_StructInit), (8 bytes).
    Removing hal_exti.o(.text.EXTI_GenerateSWInterrupt), (16 bytes).
    Removing hal_exti.o(.ARM.exidx.text.EXTI_GenerateSWInterrupt), (8 bytes).
    Removing hal_exti.o(.text.EXTI_GetFlagStatus), (16 bytes).
    Removing hal_exti.o(.ARM.exidx.text.EXTI_GetFlagStatus), (8 bytes).
    Removing hal_exti.o(.text.EXTI_ClearFlag), (12 bytes).
    Removing hal_exti.o(.ARM.exidx.text.EXTI_ClearFlag), (8 bytes).
    Removing hal_exti.o(.text.EXTI_GetITStatus), (28 bytes).
    Removing hal_exti.o(.ARM.exidx.text.EXTI_GetITStatus), (8 bytes).
    Removing hal_exti.o(.text.EXTI_ClearITPendingBit), (12 bytes).
    Removing hal_exti.o(.ARM.exidx.text.EXTI_ClearITPendingBit), (8 bytes).
    Removing hal_exti.o(.text.exEXTI_GetAllFlagStatus), (12 bytes).
    Removing hal_exti.o(.ARM.exidx.text.exEXTI_GetAllFlagStatus), (8 bytes).
    Removing hal_flash.o(.text), (0 bytes).
    Removing hal_flash.o(.text.FLASH_SetLatency), (20 bytes).
    Removing hal_flash.o(.ARM.exidx.text.FLASH_SetLatency), (8 bytes).
    Removing hal_flash.o(.text.FLASH_HalfCycleAccessCmd), (24 bytes).
    Removing hal_flash.o(.ARM.exidx.text.FLASH_HalfCycleAccessCmd), (8 bytes).
    Removing hal_flash.o(.text.FLASH_PrefetchBufferCmd), (24 bytes).
    Removing hal_flash.o(.ARM.exidx.text.FLASH_PrefetchBufferCmd), (8 bytes).
    Removing hal_flash.o(.text.FLASH_Lock), (16 bytes).
    Removing hal_flash.o(.ARM.exidx.text.FLASH_Lock), (8 bytes).
    Removing hal_flash.o(.text.FLASH_Unlock), (24 bytes).
    Removing hal_flash.o(.ARM.exidx.text.FLASH_Unlock), (8 bytes).
    Removing hal_flash.o(.text.FLASH_OPTB_Enable), (24 bytes).
    Removing hal_flash.o(.ARM.exidx.text.FLASH_OPTB_Enable), (8 bytes).
    Removing hal_flash.o(.text.FLASH_ErasePage), (96 bytes).
    Removing hal_flash.o(.ARM.exidx.text.FLASH_ErasePage), (8 bytes).
    Removing hal_flash.o(.text.FLASH_WaitForLastOperation), (76 bytes).
    Removing hal_flash.o(.ARM.exidx.text.FLASH_WaitForLastOperation), (8 bytes).
    Removing hal_flash.o(.text.FLASH_EraseAllPages), (88 bytes).
    Removing hal_flash.o(.ARM.exidx.text.FLASH_EraseAllPages), (8 bytes).
    Removing hal_flash.o(.text.FLASH_EraseOptionBytes), (112 bytes).
    Removing hal_flash.o(.ARM.exidx.text.FLASH_EraseOptionBytes), (8 bytes).
    Removing hal_flash.o(.text.FLASH_ProgramHalfWord), (84 bytes).
    Removing hal_flash.o(.ARM.exidx.text.FLASH_ProgramHalfWord), (8 bytes).
    Removing hal_flash.o(.text.FLASH_ProgramWord), (160 bytes).
    Removing hal_flash.o(.ARM.exidx.text.FLASH_ProgramWord), (8 bytes).
    Removing hal_flash.o(.text.FLASH_ProgramOptionByteData), (128 bytes).
    Removing hal_flash.o(.ARM.exidx.text.FLASH_ProgramOptionByteData), (8 bytes).
    Removing hal_flash.o(.text.FLASH_ProgramOptionHalfWord), (104 bytes).
    Removing hal_flash.o(.ARM.exidx.text.FLASH_ProgramOptionHalfWord), (8 bytes).
    Removing hal_flash.o(.text.FLASH_ProgramProtect), (104 bytes).
    Removing hal_flash.o(.ARM.exidx.text.FLASH_ProgramProtect), (8 bytes).
    Removing hal_flash.o(.text.FLASH_EnableWriteProtection), (136 bytes).
    Removing hal_flash.o(.ARM.exidx.text.FLASH_EnableWriteProtection), (8 bytes).
    Removing hal_flash.o(.text.FLASH_UserOptionByteConfig), (128 bytes).
    Removing hal_flash.o(.ARM.exidx.text.FLASH_UserOptionByteConfig), (8 bytes).
    Removing hal_flash.o(.text.FLASH_GetUserOptionByte), (12 bytes).
    Removing hal_flash.o(.ARM.exidx.text.FLASH_GetUserOptionByte), (8 bytes).
    Removing hal_flash.o(.text.FLASH_GetWriteProtectionOptionByte), (12 bytes).
    Removing hal_flash.o(.ARM.exidx.text.FLASH_GetWriteProtectionOptionByte), (8 bytes).
    Removing hal_flash.o(.text.FLASH_GetPrefetchBufferStatus), (16 bytes).
    Removing hal_flash.o(.ARM.exidx.text.FLASH_GetPrefetchBufferStatus), (8 bytes).
    Removing hal_flash.o(.text.FLASH_ITConfig), (28 bytes).
    Removing hal_flash.o(.ARM.exidx.text.FLASH_ITConfig), (8 bytes).
    Removing hal_flash.o(.text.FLASH_GetFlagStatus), (24 bytes).
    Removing hal_flash.o(.ARM.exidx.text.FLASH_GetFlagStatus), (8 bytes).
    Removing hal_flash.o(.text.FLASH_ClearFlag), (12 bytes).
    Removing hal_flash.o(.ARM.exidx.text.FLASH_ClearFlag), (8 bytes).
    Removing hal_flash.o(.text.FLASH_GetStatus), (40 bytes).
    Removing hal_flash.o(.ARM.exidx.text.FLASH_GetStatus), (8 bytes).
    Removing hal_flash.o(.text.exFLASH_EraseEE), (128 bytes).
    Removing hal_flash.o(.ARM.exidx.text.exFLASH_EraseEE), (8 bytes).
    Removing hal_flash.o(.text.exFLASH_ProgramEE), (148 bytes).
    Removing hal_flash.o(.ARM.exidx.text.exFLASH_ProgramEE), (8 bytes).
    Removing hal_flash.o(.text.exFLASH_FindEmpty), (44 bytes).
    Removing hal_flash.o(.ARM.exidx.text.exFLASH_FindEmpty), (8 bytes).
    Removing hal_flash.o(.text.exFLASH_Locate), (128 bytes).
    Removing hal_flash.o(.ARM.exidx.text.exFLASH_Locate), (8 bytes).
    Removing hal_flash.o(.text.exFLASH_WriteEE), (1188 bytes).
    Removing hal_flash.o(.ARM.exidx.text.exFLASH_WriteEE), (8 bytes).
    Removing hal_flash.o(.text.exFLASH_ReadEE), (132 bytes).
    Removing hal_flash.o(.ARM.exidx.text.exFLASH_ReadEE), (8 bytes).
    Removing hal_gpio.o(.text), (0 bytes).
    Removing hal_gpio.o(.text.GPIO_DeInit), (56 bytes).
    Removing hal_gpio.o(.ARM.exidx.text.GPIO_DeInit), (8 bytes).
    Removing hal_gpio.o(.text.GPIO_AFIODeInit), (52 bytes).
    Removing hal_gpio.o(.ARM.exidx.text.GPIO_AFIODeInit), (8 bytes).
    Removing hal_gpio.o(.text.GPIO_Init), (144 bytes).
    Removing hal_gpio.o(.ARM.exidx.text.GPIO_Init), (8 bytes).
    Removing hal_gpio.o(.text.GPIO_StructInit), (20 bytes).
    Removing hal_gpio.o(.ARM.exidx.text.GPIO_StructInit), (8 bytes).
    Removing hal_gpio.o(.text.GPIO_ReadInputDataBit), (10 bytes).
    Removing hal_gpio.o(.ARM.exidx.text.GPIO_ReadInputDataBit), (8 bytes).
    Removing hal_gpio.o(.text.GPIO_ReadInputData), (6 bytes).
    Removing hal_gpio.o(.ARM.exidx.text.GPIO_ReadInputData), (8 bytes).
    Removing hal_gpio.o(.text.GPIO_ReadOutputDataBit), (10 bytes).
    Removing hal_gpio.o(.ARM.exidx.text.GPIO_ReadOutputDataBit), (8 bytes).
    Removing hal_gpio.o(.text.GPIO_ReadOutputData), (6 bytes).
    Removing hal_gpio.o(.ARM.exidx.text.GPIO_ReadOutputData), (8 bytes).
    Removing hal_gpio.o(.text.GPIO_SetBits), (4 bytes).
    Removing hal_gpio.o(.ARM.exidx.text.GPIO_SetBits), (8 bytes).
    Removing hal_gpio.o(.text.GPIO_ResetBits), (4 bytes).
    Removing hal_gpio.o(.ARM.exidx.text.GPIO_ResetBits), (8 bytes).
    Removing hal_gpio.o(.text.GPIO_WriteBit), (16 bytes).
    Removing hal_gpio.o(.ARM.exidx.text.GPIO_WriteBit), (8 bytes).
    Removing hal_gpio.o(.text.GPIO_Write), (4 bytes).
    Removing hal_gpio.o(.ARM.exidx.text.GPIO_Write), (8 bytes).
    Removing hal_gpio.o(.text.GPIO_PinLock), (20 bytes).
    Removing hal_gpio.o(.ARM.exidx.text.GPIO_PinLock), (8 bytes).
    Removing hal_gpio.o(.text.GPIO_PinLockConfig), (18 bytes).
    Removing hal_gpio.o(.ARM.exidx.text.GPIO_PinLockConfig), (8 bytes).
    Removing hal_gpio.o(.text.GPIO_PinAFConfig), (32 bytes).
    Removing hal_gpio.o(.ARM.exidx.text.GPIO_PinAFConfig), (8 bytes).
    Removing hal_gpio.o(.text.exGPIO_PinAFConfig), (62 bytes).
    Removing hal_gpio.o(.ARM.exidx.text.exGPIO_PinAFConfig), (8 bytes).
    Removing hal_i2c.o(.text), (0 bytes).
    Removing hal_i2c.o(.text.I2C_DeInit), (36 bytes).
    Removing hal_i2c.o(.ARM.exidx.text.I2C_DeInit), (8 bytes).
    Removing hal_i2c.o(.text.I2C_Init), (144 bytes).
    Removing hal_i2c.o(.ARM.exidx.text.I2C_Init), (8 bytes).
    Removing hal_i2c.o(.text.I2C_StructInit), (24 bytes).
    Removing hal_i2c.o(.ARM.exidx.text.I2C_StructInit), (8 bytes).
    Removing hal_i2c.o(.text.I2C_Cmd), (16 bytes).
    Removing hal_i2c.o(.ARM.exidx.text.I2C_Cmd), (8 bytes).
    Removing hal_i2c.o(.text.I2C_DMACmd), (48 bytes).
    Removing hal_i2c.o(.ARM.exidx.text.I2C_DMACmd), (8 bytes).
    Removing hal_i2c.o(.text.I2C_GenerateSTART), (18 bytes).
    Removing hal_i2c.o(.ARM.exidx.text.I2C_GenerateSTART), (8 bytes).
    Removing hal_i2c.o(.text.I2C_GenerateSTOP), (32 bytes).
    Removing hal_i2c.o(.ARM.exidx.text.I2C_GenerateSTOP), (8 bytes).
    Removing hal_i2c.o(.text.I2C_OwnAddress2Config), (20 bytes).
    Removing hal_i2c.o(.ARM.exidx.text.I2C_OwnAddress2Config), (8 bytes).
    Removing hal_i2c.o(.text.I2C_DualAddressCmd), (28 bytes).
    Removing hal_i2c.o(.ARM.exidx.text.I2C_DualAddressCmd), (8 bytes).
    Removing hal_i2c.o(.text.I2C_GeneralCallCmd), (20 bytes).
    Removing hal_i2c.o(.ARM.exidx.text.I2C_GeneralCallCmd), (8 bytes).
    Removing hal_i2c.o(.text.I2C_ITConfig), (30 bytes).
    Removing hal_i2c.o(.ARM.exidx.text.I2C_ITConfig), (8 bytes).
    Removing hal_i2c.o(.text.I2C_ReadCmd), (8 bytes).
    Removing hal_i2c.o(.ARM.exidx.text.I2C_ReadCmd), (8 bytes).
    Removing hal_i2c.o(.text.I2C_SendData), (4 bytes).
    Removing hal_i2c.o(.ARM.exidx.text.I2C_SendData), (8 bytes).
    Removing hal_i2c.o(.text.I2C_ReceiveData), (16 bytes).
    Removing hal_i2c.o(.ARM.exidx.text.I2C_ReceiveData), (8 bytes).
    Removing hal_i2c.o(.text.I2C_Send7bitAddress), (6 bytes).
    Removing hal_i2c.o(.ARM.exidx.text.I2C_Send7bitAddress), (8 bytes).
    Removing hal_i2c.o(.text.I2C_ReadRegister), (4 bytes).
    Removing hal_i2c.o(.ARM.exidx.text.I2C_ReadRegister), (8 bytes).
    Removing hal_i2c.o(.text.I2C_GetLastEvent), (12 bytes).
    Removing hal_i2c.o(.ARM.exidx.text.I2C_GetLastEvent), (8 bytes).
    Removing hal_i2c.o(.text.I2C_CheckEvent), (36 bytes).
    Removing hal_i2c.o(.ARM.exidx.text.I2C_CheckEvent), (8 bytes).
    Removing hal_i2c.o(.text.I2C_GetFlagStatus), (20 bytes).
    Removing hal_i2c.o(.ARM.exidx.text.I2C_GetFlagStatus), (8 bytes).
    Removing hal_i2c.o(.text.I2C_ClearFlag), (100 bytes).
    Removing hal_i2c.o(.ARM.exidx.text.I2C_ClearFlag), (8 bytes).
    Removing hal_i2c.o(.text.I2C_GetITStatus), (10 bytes).
    Removing hal_i2c.o(.ARM.exidx.text.I2C_GetITStatus), (8 bytes).
    Removing hal_i2c.o(.text.I2C_ClearITPendingBit), (100 bytes).
    Removing hal_i2c.o(.ARM.exidx.text.I2C_ClearITPendingBit), (8 bytes).
    Removing hal_i2c.o(.text.I2C_SendSlaveAddress), (6 bytes).
    Removing hal_i2c.o(.ARM.exidx.text.I2C_SendSlaveAddress), (8 bytes).
    Removing hal_i2c.o(.text.I2C_SlaveConfigure), (18 bytes).
    Removing hal_i2c.o(.ARM.exidx.text.I2C_SlaveConfigure), (8 bytes).
    Removing hal_i2c.o(.text.I2C_DMAConfigure), (16 bytes).
    Removing hal_i2c.o(.ARM.exidx.text.I2C_DMAConfigure), (8 bytes).
    Removing hal_i2c.o(.text.I2C_SlaveReceivedAddressMask), (6 bytes).
    Removing hal_i2c.o(.ARM.exidx.text.I2C_SlaveReceivedAddressMask), (8 bytes).
    Removing hal_i2c.o(.text.I2C_GetSlaveReceivedAddr), (6 bytes).
    Removing hal_i2c.o(.ARM.exidx.text.I2C_GetSlaveReceivedAddr), (8 bytes).
    Removing hal_i2c.o(.bss.I2C_DMA_DIR), (2 bytes).
    Removing hal_i2c.o(.bss.I2C_CMD_DIR), (1 bytes).
    Removing hal_iwdg.o(.text), (0 bytes).
    Removing hal_iwdg.o(.text.IWDG_WriteAccessCmd), (12 bytes).
    Removing hal_iwdg.o(.ARM.exidx.text.IWDG_WriteAccessCmd), (8 bytes).
    Removing hal_iwdg.o(.text.IWDG_SetPrescaler), (16 bytes).
    Removing hal_iwdg.o(.ARM.exidx.text.IWDG_SetPrescaler), (8 bytes).
    Removing hal_iwdg.o(.text.PVU_CheckStatus), (16 bytes).
    Removing hal_iwdg.o(.ARM.exidx.text.PVU_CheckStatus), (8 bytes).
    Removing hal_iwdg.o(.text.IWDG_SetReload), (16 bytes).
    Removing hal_iwdg.o(.ARM.exidx.text.IWDG_SetReload), (8 bytes).
    Removing hal_iwdg.o(.text.RVU_CheckStatus), (16 bytes).
    Removing hal_iwdg.o(.ARM.exidx.text.RVU_CheckStatus), (8 bytes).
    Removing hal_iwdg.o(.text.IWDG_GetReload), (12 bytes).
    Removing hal_iwdg.o(.ARM.exidx.text.IWDG_GetReload), (8 bytes).
    Removing hal_iwdg.o(.text.IWDG_ReloadCounter), (16 bytes).
    Removing hal_iwdg.o(.ARM.exidx.text.IWDG_ReloadCounter), (8 bytes).
    Removing hal_iwdg.o(.text.IWDG_Enable), (16 bytes).
    Removing hal_iwdg.o(.ARM.exidx.text.IWDG_Enable), (8 bytes).
    Removing hal_iwdg.o(.text.IWDG_GetFlagStatus), (16 bytes).
    Removing hal_iwdg.o(.ARM.exidx.text.IWDG_GetFlagStatus), (8 bytes).
    Removing hal_iwdg.o(.text.IVU_CheckStatus), (16 bytes).
    Removing hal_iwdg.o(.ARM.exidx.text.IVU_CheckStatus), (8 bytes).
    Removing hal_iwdg.o(.text.IWDG_OverflowConfig), (24 bytes).
    Removing hal_iwdg.o(.ARM.exidx.text.IWDG_OverflowConfig), (8 bytes).
    Removing hal_iwdg.o(.text.IWDG_ClearITPendingBit), (16 bytes).
    Removing hal_iwdg.o(.ARM.exidx.text.IWDG_ClearITPendingBit), (8 bytes).
    Removing hal_iwdg.o(.text.IWDG_ClearIT), (16 bytes).
    Removing hal_iwdg.o(.ARM.exidx.text.IWDG_ClearIT), (8 bytes).
    Removing hal_iwdg.o(.text.IWDG_EnableIT), (16 bytes).
    Removing hal_iwdg.o(.ARM.exidx.text.IWDG_EnableIT), (8 bytes).
    Removing hal_iwdg.o(.text.IWDG_Reset), (16 bytes).
    Removing hal_iwdg.o(.ARM.exidx.text.IWDG_Reset), (8 bytes).
    Removing hal_iwdg.o(.text.IWDG_SetIGen), (12 bytes).
    Removing hal_iwdg.o(.ARM.exidx.text.IWDG_SetIGen), (8 bytes).
    Removing hal_iwdg.o(.text.IWDG_GetCnt), (16 bytes).
    Removing hal_iwdg.o(.ARM.exidx.text.IWDG_GetCnt), (8 bytes).
    Removing hal_iwdg.o(.text.IWDG_GetPS), (12 bytes).
    Removing hal_iwdg.o(.ARM.exidx.text.IWDG_GetPS), (8 bytes).
    Removing hal_misc.o(.text), (0 bytes).
    Removing hal_misc.o(.text.NVIC_Init), (80 bytes).
    Removing hal_misc.o(.ARM.exidx.text.NVIC_Init), (8 bytes).
    Removing hal_misc.o(.text.exNVIC_Init), (80 bytes).
    Removing hal_misc.o(.ARM.exidx.text.exNVIC_Init), (8 bytes).
    Removing hal_misc.o(.text.NVIC_SystemLPConfig), (28 bytes).
    Removing hal_misc.o(.ARM.exidx.text.NVIC_SystemLPConfig), (8 bytes).
    Removing hal_misc.o(.text.SysTick_CLKSourceConfig), (28 bytes).
    Removing hal_misc.o(.ARM.exidx.text.SysTick_CLKSourceConfig), (8 bytes).
    Removing hal_pwr.o(.text), (0 bytes).
    Removing hal_pwr.o(.text.PWR_DeInit), (12 bytes).
    Removing hal_pwr.o(.ARM.exidx.text.PWR_DeInit), (8 bytes).
    Removing hal_pwr.o(.text.PWR_PVDCmd), (24 bytes).
    Removing hal_pwr.o(.ARM.exidx.text.PWR_PVDCmd), (8 bytes).
    Removing hal_pwr.o(.text.PWR_PVDLevelConfig), (20 bytes).
    Removing hal_pwr.o(.ARM.exidx.text.PWR_PVDLevelConfig), (8 bytes).
    Removing hal_pwr.o(.text.PWR_WakeUpPinCmd), (28 bytes).
    Removing hal_pwr.o(.ARM.exidx.text.PWR_WakeUpPinCmd), (8 bytes).
    Removing hal_pwr.o(.text.PWR_EnterSLEEPMode), (60 bytes).
    Removing hal_pwr.o(.ARM.exidx.text.PWR_EnterSLEEPMode), (8 bytes).
    Removing hal_pwr.o(.text.PWR_EnterSTOPMode), (56 bytes).
    Removing hal_pwr.o(.ARM.exidx.text.PWR_EnterSTOPMode), (8 bytes).
    Removing hal_pwr.o(.text.PWR_EnterSTANDBYMode), (32 bytes).
    Removing hal_pwr.o(.ARM.exidx.text.PWR_EnterSTANDBYMode), (8 bytes).
    Removing hal_pwr.o(.text.PWR_GetFlagStatus), (16 bytes).
    Removing hal_pwr.o(.ARM.exidx.text.PWR_GetFlagStatus), (8 bytes).
    Removing hal_pwr.o(.text.PWR_ClearFlag), (16 bytes).
    Removing hal_pwr.o(.ARM.exidx.text.PWR_ClearFlag), (8 bytes).
    Removing hal_pwr.o(.text.exPWR_EnterLowPowerMode), (44 bytes).
    Removing hal_pwr.o(.ARM.exidx.text.exPWR_EnterLowPowerMode), (8 bytes).
    Removing hal_rcc.o(.text), (0 bytes).
    Removing hal_rcc.o(.text.RCC_DeInit), (56 bytes).
    Removing hal_rcc.o(.ARM.exidx.text.RCC_DeInit), (8 bytes).
    Removing hal_rcc.o(.text.RCC_HSEConfig), (44 bytes).
    Removing hal_rcc.o(.ARM.exidx.text.RCC_HSEConfig), (8 bytes).
    Removing hal_rcc.o(.text.RCC_GetFlagStatus), (40 bytes).
    Removing hal_rcc.o(.ARM.exidx.text.RCC_GetFlagStatus), (8 bytes).
    Removing hal_rcc.o(.text.RCC_WaitForHSEStartUp), (36 bytes).
    Removing hal_rcc.o(.ARM.exidx.text.RCC_WaitForHSEStartUp), (8 bytes).
    Removing hal_rcc.o(.text.RCC_WaitForFlagStartUp), (68 bytes).
    Removing hal_rcc.o(.ARM.exidx.text.RCC_WaitForFlagStartUp), (8 bytes).
    Removing hal_rcc.o(.text.RCC_HSICmd), (20 bytes).
    Removing hal_rcc.o(.ARM.exidx.text.RCC_HSICmd), (8 bytes).
    Removing hal_rcc.o(.text.RCC_SYSCLKConfig), (20 bytes).
    Removing hal_rcc.o(.ARM.exidx.text.RCC_SYSCLKConfig), (8 bytes).
    Removing hal_rcc.o(.text.RCC_PLLDMDNConfig), (32 bytes).
    Removing hal_rcc.o(.ARM.exidx.text.RCC_PLLDMDNConfig), (8 bytes).
    Removing hal_rcc.o(.text.RCC_PLLCmd), (24 bytes).
    Removing hal_rcc.o(.ARM.exidx.text.RCC_PLLCmd), (8 bytes).
    Removing hal_rcc.o(.text.RCC_PLLConfig), (56 bytes).
    Removing hal_rcc.o(.ARM.exidx.text.RCC_PLLConfig), (8 bytes).
    Removing hal_rcc.o(.text.RCC_GetSYSCLKSource), (16 bytes).
    Removing hal_rcc.o(.ARM.exidx.text.RCC_GetSYSCLKSource), (8 bytes).
    Removing hal_rcc.o(.text.RCC_HCLKConfig), (20 bytes).
    Removing hal_rcc.o(.ARM.exidx.text.RCC_HCLKConfig), (8 bytes).
    Removing hal_rcc.o(.text.RCC_PCLK1Config), (20 bytes).
    Removing hal_rcc.o(.ARM.exidx.text.RCC_PCLK1Config), (8 bytes).
    Removing hal_rcc.o(.text.RCC_PCLK2Config), (24 bytes).
    Removing hal_rcc.o(.ARM.exidx.text.RCC_PCLK2Config), (8 bytes).
    Removing hal_rcc.o(.text.RCC_ADCCLKConfig), (24 bytes).
    Removing hal_rcc.o(.ARM.exidx.text.RCC_ADCCLKConfig), (8 bytes).
    Removing hal_rcc.o(.text.RCC_LSICmd), (32 bytes).
    Removing hal_rcc.o(.ARM.exidx.text.RCC_LSICmd), (8 bytes).
    Removing hal_rcc.o(.text.RCC_GetSysClockFreq), (72 bytes).
    Removing hal_rcc.o(.ARM.exidx.text.RCC_GetSysClockFreq), (8 bytes).
    Removing hal_rcc.o(.text.RCC_GetHCLKFreq), (88 bytes).
    Removing hal_rcc.o(.ARM.exidx.text.RCC_GetHCLKFreq), (8 bytes).
    Removing hal_rcc.o(.text.RCC_GetPCLK1Freq), (100 bytes).
    Removing hal_rcc.o(.ARM.exidx.text.RCC_GetPCLK1Freq), (8 bytes).
    Removing hal_rcc.o(.text.RCC_GetPCLK2Freq), (100 bytes).
    Removing hal_rcc.o(.ARM.exidx.text.RCC_GetPCLK2Freq), (8 bytes).
    Removing hal_rcc.o(.text.RCC_GetClocksFreq), (332 bytes).
    Removing hal_rcc.o(.ARM.exidx.text.RCC_GetClocksFreq), (8 bytes).
    Removing hal_rcc.o(.text.RCC_AHBPeriphClockCmd), (28 bytes).
    Removing hal_rcc.o(.ARM.exidx.text.RCC_AHBPeriphClockCmd), (8 bytes).
    Removing hal_rcc.o(.text.RCC_APB2PeriphClockCmd), (28 bytes).
    Removing hal_rcc.o(.ARM.exidx.text.RCC_APB2PeriphClockCmd), (8 bytes).
    Removing hal_rcc.o(.text.RCC_APB1PeriphClockCmd), (28 bytes).
    Removing hal_rcc.o(.ARM.exidx.text.RCC_APB1PeriphClockCmd), (8 bytes).
    Removing hal_rcc.o(.text.RCC_APB2PeriphResetCmd), (28 bytes).
    Removing hal_rcc.o(.ARM.exidx.text.RCC_APB2PeriphResetCmd), (8 bytes).
    Removing hal_rcc.o(.text.RCC_APB1PeriphResetCmd), (28 bytes).
    Removing hal_rcc.o(.ARM.exidx.text.RCC_APB1PeriphResetCmd), (8 bytes).
    Removing hal_rcc.o(.text.RCC_AHBPeriphResetCmd), (28 bytes).
    Removing hal_rcc.o(.ARM.exidx.text.RCC_AHBPeriphResetCmd), (8 bytes).
    Removing hal_rcc.o(.text.RCC_ClockSecuritySystemCmd), (24 bytes).
    Removing hal_rcc.o(.ARM.exidx.text.RCC_ClockSecuritySystemCmd), (8 bytes).
    Removing hal_rcc.o(.text.RCC_MCOConfig), (20 bytes).
    Removing hal_rcc.o(.ARM.exidx.text.RCC_MCOConfig), (8 bytes).
    Removing hal_rcc.o(.text.RCC_ClearFlag), (20 bytes).
    Removing hal_rcc.o(.ARM.exidx.text.RCC_ClearFlag), (8 bytes).
    Removing hal_rcc.o(.text.RCC_ITConfig), (28 bytes).
    Removing hal_rcc.o(.ARM.exidx.text.RCC_ITConfig), (8 bytes).
    Removing hal_rcc.o(.text.RCC_GetITStatus), (12 bytes).
    Removing hal_rcc.o(.ARM.exidx.text.RCC_GetITStatus), (8 bytes).
    Removing hal_rcc.o(.text.RCC_ClearITPendingBit), (16 bytes).
    Removing hal_rcc.o(.ARM.exidx.text.RCC_ClearITPendingBit), (8 bytes).
    Removing hal_rcc.o(.text.RCC_APB1PeriphReset), (20 bytes).
    Removing hal_rcc.o(.ARM.exidx.text.RCC_APB1PeriphReset), (8 bytes).
    Removing hal_rcc.o(.text.RCC_APB2PeriphReset), (20 bytes).
    Removing hal_rcc.o(.ARM.exidx.text.RCC_APB2PeriphReset), (8 bytes).
    Removing hal_rcc.o(.text.RCC_AHBPeriphReset), (20 bytes).
    Removing hal_rcc.o(.ARM.exidx.text.RCC_AHBPeriphReset), (8 bytes).
    Removing hal_rcc.o(.text.exRCC_APB1PeriphReset), (20 bytes).
    Removing hal_rcc.o(.ARM.exidx.text.exRCC_APB1PeriphReset), (8 bytes).
    Removing hal_rcc.o(.text.exRCC_BackupReset), (2 bytes).
    Removing hal_rcc.o(.ARM.exidx.text.exRCC_BackupReset), (8 bytes).
    Removing hal_rcc.o(.text.exRCC_APB2PeriphReset), (20 bytes).
    Removing hal_rcc.o(.ARM.exidx.text.exRCC_APB2PeriphReset), (8 bytes).
    Removing hal_rcc.o(.text.exRCC_AHBPeriphReset), (20 bytes).
    Removing hal_rcc.o(.ARM.exidx.text.exRCC_AHBPeriphReset), (8 bytes).
    Removing hal_rcc.o(.text.exRCC_SystickDisable), (16 bytes).
    Removing hal_rcc.o(.ARM.exidx.text.exRCC_SystickDisable), (8 bytes).
    Removing hal_rcc.o(.text.exRCC_SystickEnable), (148 bytes).
    Removing hal_rcc.o(.ARM.exidx.text.exRCC_SystickEnable), (8 bytes).
    Removing hal_rcc.o(.text.RCC_ADC_ClockCmd), (48 bytes).
    Removing hal_rcc.o(.ARM.exidx.text.RCC_ADC_ClockCmd), (8 bytes).
    Removing hal_rcc.o(.text.RCC_COMP_ClockCmd), (40 bytes).
    Removing hal_rcc.o(.ARM.exidx.text.RCC_COMP_ClockCmd), (8 bytes).
    Removing hal_rcc.o(.text.RCC_CRC_ClockCmd), (36 bytes).
    Removing hal_rcc.o(.ARM.exidx.text.RCC_CRC_ClockCmd), (8 bytes).
    Removing hal_rcc.o(.text.RCC_DIV_ClockCmd), (40 bytes).
    Removing hal_rcc.o(.ARM.exidx.text.RCC_DIV_ClockCmd), (8 bytes).
    Removing hal_rcc.o(.text.RCC_DMA_ClockCmd), (36 bytes).
    Removing hal_rcc.o(.ARM.exidx.text.RCC_DMA_ClockCmd), (8 bytes).
    Removing hal_rcc.o(.text.RCC_GPIO_ClockCmd), (128 bytes).
    Removing hal_rcc.o(.ARM.exidx.text.RCC_GPIO_ClockCmd), (8 bytes).
    Removing hal_rcc.o(.text.RCC_UART_ClockCmd), (68 bytes).
    Removing hal_rcc.o(.ARM.exidx.text.RCC_UART_ClockCmd), (8 bytes).
    Removing hal_rcc.o(.data.tbPresc), (16 bytes).
    Removing hal_rcc.o(.rodata..L__const.RCC_PLLConfig.DNDM_Item), (30 bytes).
    Removing hal_spi.o(.text), (0 bytes).
    Removing hal_spi.o(.text.SPI_DeInit), (72 bytes).
    Removing hal_spi.o(.ARM.exidx.text.SPI_DeInit), (8 bytes).
    Removing hal_spi.o(.text.SPI_Init), (132 bytes).
    Removing hal_spi.o(.ARM.exidx.text.SPI_Init), (8 bytes).
    Removing hal_spi.o(.text.SPI_StructInit), (24 bytes).
    Removing hal_spi.o(.ARM.exidx.text.SPI_StructInit), (8 bytes).
    Removing hal_spi.o(.text.SPI_Cmd), (16 bytes).
    Removing hal_spi.o(.ARM.exidx.text.SPI_Cmd), (8 bytes).
    Removing hal_spi.o(.text.SPI_ITConfig), (36 bytes).
    Removing hal_spi.o(.ARM.exidx.text.SPI_ITConfig), (8 bytes).
    Removing hal_spi.o(.text.SPI_DMACmd), (20 bytes).
    Removing hal_spi.o(.ARM.exidx.text.SPI_DMACmd), (8 bytes).
    Removing hal_spi.o(.text.SPI_FifoTrigger), (20 bytes).
    Removing hal_spi.o(.ARM.exidx.text.SPI_FifoTrigger), (8 bytes).
    Removing hal_spi.o(.text.SPI_SendData), (4 bytes).
    Removing hal_spi.o(.ARM.exidx.text.SPI_SendData), (8 bytes).
    Removing hal_spi.o(.text.SPI_ReceiveData), (4 bytes).
    Removing hal_spi.o(.ARM.exidx.text.SPI_ReceiveData), (8 bytes).
    Removing hal_spi.o(.text.SPI_CSInternalSelected), (20 bytes).
    Removing hal_spi.o(.ARM.exidx.text.SPI_CSInternalSelected), (8 bytes).
    Removing hal_spi.o(.text.SPI_NSSInternalSoftwareConfig), (20 bytes).
    Removing hal_spi.o(.ARM.exidx.text.SPI_NSSInternalSoftwareConfig), (8 bytes).
    Removing hal_spi.o(.text.SPI_DataSizeConfig), (22 bytes).
    Removing hal_spi.o(.ARM.exidx.text.SPI_DataSizeConfig), (8 bytes).
    Removing hal_spi.o(.text.SPI_DataSizeTypeConfig), (18 bytes).
    Removing hal_spi.o(.ARM.exidx.text.SPI_DataSizeTypeConfig), (8 bytes).
    Removing hal_spi.o(.text.SPI_BiDirectionalLineConfig), (64 bytes).
    Removing hal_spi.o(.ARM.exidx.text.SPI_BiDirectionalLineConfig), (8 bytes).
    Removing hal_spi.o(.text.SPI_GetFlagStatus), (10 bytes).
    Removing hal_spi.o(.ARM.exidx.text.SPI_GetFlagStatus), (8 bytes).
    Removing hal_spi.o(.text.SPI_GetITStatus), (10 bytes).
    Removing hal_spi.o(.ARM.exidx.text.SPI_GetITStatus), (8 bytes).
    Removing hal_spi.o(.text.SPI_ClearITPendingBit), (8 bytes).
    Removing hal_spi.o(.ARM.exidx.text.SPI_ClearITPendingBit), (8 bytes).
    Removing hal_spi.o(.text.SPI_RxBytes), (4 bytes).
    Removing hal_spi.o(.ARM.exidx.text.SPI_RxBytes), (8 bytes).
    Removing hal_spi.o(.text.SPI_SlaveAdjust), (18 bytes).
    Removing hal_spi.o(.ARM.exidx.text.SPI_SlaveAdjust), (8 bytes).
    Removing hal_spi.o(.text.exSPI_ITCmd), (18 bytes).
    Removing hal_spi.o(.ARM.exidx.text.exSPI_ITCmd), (8 bytes).
    Removing hal_spi.o(.text.exSPI_ITConfig), (20 bytes).
    Removing hal_spi.o(.ARM.exidx.text.exSPI_ITConfig), (8 bytes).
    Removing hal_spi.o(.text.exSPI_DMACmd), (20 bytes).
    Removing hal_spi.o(.ARM.exidx.text.exSPI_DMACmd), (8 bytes).
    Removing hal_spi.o(.text.exSPI_CSInternalSelected), (20 bytes).
    Removing hal_spi.o(.ARM.exidx.text.exSPI_CSInternalSelected), (8 bytes).
    Removing hal_spi.o(.text.exSPI_DataEdgeAdjust), (40 bytes).
    Removing hal_spi.o(.ARM.exidx.text.exSPI_DataEdgeAdjust), (8 bytes).
    Removing hal_spi.o(.text.I2S_Cmd), (20 bytes).
    Removing hal_spi.o(.ARM.exidx.text.I2S_Cmd), (8 bytes).
    Removing hal_spi.o(.text.I2S_Init), (244 bytes).
    Removing hal_spi.o(.ARM.exidx.text.I2S_Init), (8 bytes).
    Removing hal_tim.o(.text), (0 bytes).
    Removing hal_tim.o(.text.TIM_DeInit), (124 bytes).
    Removing hal_tim.o(.ARM.exidx.text.TIM_DeInit), (8 bytes).
    Removing hal_tim.o(.text.TIM_TimeBaseInit), (132 bytes).
    Removing hal_tim.o(.ARM.exidx.text.TIM_TimeBaseInit), (8 bytes).
    Removing hal_tim.o(.text.TIM_OC1Init), (100 bytes).
    Removing hal_tim.o(.ARM.exidx.text.TIM_OC1Init), (8 bytes).
    Removing hal_tim.o(.text.TIM_OC2Init), (96 bytes).
    Removing hal_tim.o(.ARM.exidx.text.TIM_OC2Init), (8 bytes).
    Removing hal_tim.o(.text.TIM_OC3Init), (92 bytes).
    Removing hal_tim.o(.ARM.exidx.text.TIM_OC3Init), (8 bytes).
    Removing hal_tim.o(.text.TIM_OC4Init), (76 bytes).
    Removing hal_tim.o(.ARM.exidx.text.TIM_OC4Init), (8 bytes).
    Removing hal_tim.o(.text.TIM_ICInit), (242 bytes).
    Removing hal_tim.o(.ARM.exidx.text.TIM_ICInit), (8 bytes).
    Removing hal_tim.o(.text.TIM_SetIC1Prescaler), (12 bytes).
    Removing hal_tim.o(.ARM.exidx.text.TIM_SetIC1Prescaler), (8 bytes).
    Removing hal_tim.o(.text.TIM_SetIC2Prescaler), (16 bytes).
    Removing hal_tim.o(.ARM.exidx.text.TIM_SetIC2Prescaler), (8 bytes).
    Removing hal_tim.o(.text.TIM_SetIC3Prescaler), (12 bytes).
    Removing hal_tim.o(.ARM.exidx.text.TIM_SetIC3Prescaler), (8 bytes).
    Removing hal_tim.o(.text.TIM_SetIC4Prescaler), (16 bytes).
    Removing hal_tim.o(.ARM.exidx.text.TIM_SetIC4Prescaler), (8 bytes).
    Removing hal_tim.o(.text.TIM_PWMIConfig), (216 bytes).
    Removing hal_tim.o(.ARM.exidx.text.TIM_PWMIConfig), (8 bytes).
    Removing hal_tim.o(.text.TIM_BDTRConfig), (30 bytes).
    Removing hal_tim.o(.ARM.exidx.text.TIM_BDTRConfig), (8 bytes).
    Removing hal_tim.o(.text.TIM_TimeBaseStructInit), (16 bytes).
    Removing hal_tim.o(.ARM.exidx.text.TIM_TimeBaseStructInit), (8 bytes).
    Removing hal_tim.o(.text.TIM_OCStructInit), (14 bytes).
    Removing hal_tim.o(.ARM.exidx.text.TIM_OCStructInit), (8 bytes).
    Removing hal_tim.o(.text.TIM_ICStructInit), (12 bytes).
    Removing hal_tim.o(.ARM.exidx.text.TIM_ICStructInit), (8 bytes).
    Removing hal_tim.o(.text.TIM_BDTRStructInit), (18 bytes).
    Removing hal_tim.o(.ARM.exidx.text.TIM_BDTRStructInit), (8 bytes).
    Removing hal_tim.o(.text.TIM_Cmd), (16 bytes).
    Removing hal_tim.o(.ARM.exidx.text.TIM_Cmd), (8 bytes).
    Removing hal_tim.o(.text.TIM_CtrlPWMOutputs), (20 bytes).
    Removing hal_tim.o(.ARM.exidx.text.TIM_CtrlPWMOutputs), (8 bytes).
    Removing hal_tim.o(.text.TIM_ITConfig), (20 bytes).
    Removing hal_tim.o(.ARM.exidx.text.TIM_ITConfig), (8 bytes).
    Removing hal_tim.o(.text.TIM_GenerateEvent), (4 bytes).
    Removing hal_tim.o(.ARM.exidx.text.TIM_GenerateEvent), (8 bytes).
    Removing hal_tim.o(.text.TIM_DMAConfig), (6 bytes).
    Removing hal_tim.o(.ARM.exidx.text.TIM_DMAConfig), (8 bytes).
    Removing hal_tim.o(.text.TIM_DMACmd), (20 bytes).
    Removing hal_tim.o(.ARM.exidx.text.TIM_DMACmd), (8 bytes).
    Removing hal_tim.o(.text.TIM_InternalClockConfig), (10 bytes).
    Removing hal_tim.o(.ARM.exidx.text.TIM_InternalClockConfig), (8 bytes).
    Removing hal_tim.o(.text.TIM_ITRxExternalClockConfig), (20 bytes).
    Removing hal_tim.o(.ARM.exidx.text.TIM_ITRxExternalClockConfig), (8 bytes).
    Removing hal_tim.o(.text.TIM_SelectInputTrigger), (12 bytes).
    Removing hal_tim.o(.ARM.exidx.text.TIM_SelectInputTrigger), (8 bytes).
    Removing hal_tim.o(.text.TIM_TIxExternalClockConfig), (88 bytes).
    Removing hal_tim.o(.ARM.exidx.text.TIM_TIxExternalClockConfig), (8 bytes).
    Removing hal_tim.o(.text.TIM_ETRConfig), (50 bytes).
    Removing hal_tim.o(.ARM.exidx.text.TIM_ETRConfig), (8 bytes).
    Removing hal_tim.o(.text.TIM_ETRClockMode1Config), (58 bytes).
    Removing hal_tim.o(.ARM.exidx.text.TIM_ETRClockMode1Config), (8 bytes).
    Removing hal_tim.o(.text.TIM_ETRClockMode2Config), (56 bytes).
    Removing hal_tim.o(.ARM.exidx.text.TIM_ETRClockMode2Config), (8 bytes).
    Removing hal_tim.o(.text.TIM_PrescalerConfig), (6 bytes).
    Removing hal_tim.o(.ARM.exidx.text.TIM_PrescalerConfig), (8 bytes).
    Removing hal_tim.o(.text.TIM_CounterModeConfig), (12 bytes).
    Removing hal_tim.o(.ARM.exidx.text.TIM_CounterModeConfig), (8 bytes).
    Removing hal_tim.o(.text.TIM_EncoderInterfaceConfig), (48 bytes).
    Removing hal_tim.o(.ARM.exidx.text.TIM_EncoderInterfaceConfig), (8 bytes).
    Removing hal_tim.o(.text.TIM_ForcedOC1Config), (12 bytes).
    Removing hal_tim.o(.ARM.exidx.text.TIM_ForcedOC1Config), (8 bytes).
    Removing hal_tim.o(.text.TIM_ForcedOC2Config), (16 bytes).
    Removing hal_tim.o(.ARM.exidx.text.TIM_ForcedOC2Config), (8 bytes).
    Removing hal_tim.o(.text.TIM_ForcedOC3Config), (12 bytes).
    Removing hal_tim.o(.ARM.exidx.text.TIM_ForcedOC3Config), (8 bytes).
    Removing hal_tim.o(.text.TIM_ForcedOC4Config), (16 bytes).
    Removing hal_tim.o(.ARM.exidx.text.TIM_ForcedOC4Config), (8 bytes).
    Removing hal_tim.o(.text.TIM_ARRPreloadConfig), (18 bytes).
    Removing hal_tim.o(.ARM.exidx.text.TIM_ARRPreloadConfig), (8 bytes).
    Removing hal_tim.o(.text.TIM_SelectCOM), (18 bytes).
    Removing hal_tim.o(.ARM.exidx.text.TIM_SelectCOM), (8 bytes).
    Removing hal_tim.o(.text.TIM_SelectCCDMA), (18 bytes).
    Removing hal_tim.o(.ARM.exidx.text.TIM_SelectCCDMA), (8 bytes).
    Removing hal_tim.o(.text.TIM_CCPreloadControl), (16 bytes).
    Removing hal_tim.o(.ARM.exidx.text.TIM_CCPreloadControl), (8 bytes).
    Removing hal_tim.o(.text.TIM_OC1PreloadConfig), (12 bytes).
    Removing hal_tim.o(.ARM.exidx.text.TIM_OC1PreloadConfig), (8 bytes).
    Removing hal_tim.o(.text.TIM_OC2PreloadConfig), (16 bytes).
    Removing hal_tim.o(.ARM.exidx.text.TIM_OC2PreloadConfig), (8 bytes).
    Removing hal_tim.o(.text.TIM_OC3PreloadConfig), (12 bytes).
    Removing hal_tim.o(.ARM.exidx.text.TIM_OC3PreloadConfig), (8 bytes).
    Removing hal_tim.o(.text.TIM_OC4PreloadConfig), (16 bytes).
    Removing hal_tim.o(.ARM.exidx.text.TIM_OC4PreloadConfig), (8 bytes).
    Removing hal_tim.o(.text.TIM_OC1FastConfig), (12 bytes).
    Removing hal_tim.o(.ARM.exidx.text.TIM_OC1FastConfig), (8 bytes).
    Removing hal_tim.o(.text.TIM_OC2FastConfig), (16 bytes).
    Removing hal_tim.o(.ARM.exidx.text.TIM_OC2FastConfig), (8 bytes).
    Removing hal_tim.o(.text.TIM_OC3FastConfig), (12 bytes).
    Removing hal_tim.o(.ARM.exidx.text.TIM_OC3FastConfig), (8 bytes).
    Removing hal_tim.o(.text.TIM_OC4FastConfig), (16 bytes).
    Removing hal_tim.o(.ARM.exidx.text.TIM_OC4FastConfig), (8 bytes).
    Removing hal_tim.o(.text.TIM_ClearOC1Ref), (12 bytes).
    Removing hal_tim.o(.ARM.exidx.text.TIM_ClearOC1Ref), (8 bytes).
    Removing hal_tim.o(.text.TIM_ClearOC2Ref), (16 bytes).
    Removing hal_tim.o(.ARM.exidx.text.TIM_ClearOC2Ref), (8 bytes).
    Removing hal_tim.o(.text.TIM_ClearOC3Ref), (12 bytes).
    Removing hal_tim.o(.ARM.exidx.text.TIM_ClearOC3Ref), (8 bytes).
    Removing hal_tim.o(.text.TIM_ClearOC4Ref), (16 bytes).
    Removing hal_tim.o(.ARM.exidx.text.TIM_ClearOC4Ref), (8 bytes).
    Removing hal_tim.o(.text.TIM_OC1PolarityConfig), (12 bytes).
    Removing hal_tim.o(.ARM.exidx.text.TIM_OC1PolarityConfig), (8 bytes).
    Removing hal_tim.o(.text.TIM_OC1NPolarityConfig), (12 bytes).
    Removing hal_tim.o(.ARM.exidx.text.TIM_OC1NPolarityConfig), (8 bytes).
    Removing hal_tim.o(.text.TIM_OC2PolarityConfig), (14 bytes).
    Removing hal_tim.o(.ARM.exidx.text.TIM_OC2PolarityConfig), (8 bytes).
    Removing hal_tim.o(.text.TIM_OC2NPolarityConfig), (14 bytes).
    Removing hal_tim.o(.ARM.exidx.text.TIM_OC2NPolarityConfig), (8 bytes).
    Removing hal_tim.o(.text.TIM_OC3PolarityConfig), (16 bytes).
    Removing hal_tim.o(.ARM.exidx.text.TIM_OC3PolarityConfig), (8 bytes).
    Removing hal_tim.o(.text.TIM_OC3NPolarityConfig), (16 bytes).
    Removing hal_tim.o(.ARM.exidx.text.TIM_OC3NPolarityConfig), (8 bytes).
    Removing hal_tim.o(.text.TIM_OC4PolarityConfig), (16 bytes).
    Removing hal_tim.o(.ARM.exidx.text.TIM_OC4PolarityConfig), (8 bytes).
    Removing hal_tim.o(.text.TIM_CCxCmd), (16 bytes).
    Removing hal_tim.o(.ARM.exidx.text.TIM_CCxCmd), (8 bytes).
    Removing hal_tim.o(.text.TIM_CCxNCmd), (20 bytes).
    Removing hal_tim.o(.ARM.exidx.text.TIM_CCxNCmd), (8 bytes).
    Removing hal_tim.o(.text.TIM_SelectOCxM), (88 bytes).
    Removing hal_tim.o(.ARM.exidx.text.TIM_SelectOCxM), (8 bytes).
    Removing hal_tim.o(.text.TIM_UpdateDisableConfig), (18 bytes).
    Removing hal_tim.o(.ARM.exidx.text.TIM_UpdateDisableConfig), (8 bytes).
    Removing hal_tim.o(.text.TIM_UpdateRequestConfig), (12 bytes).
    Removing hal_tim.o(.ARM.exidx.text.TIM_UpdateRequestConfig), (8 bytes).
    Removing hal_tim.o(.text.TIM_SelectHallSensor), (18 bytes).
    Removing hal_tim.o(.ARM.exidx.text.TIM_SelectHallSensor), (8 bytes).
    Removing hal_tim.o(.text.TIM_SelectOnePulseMode), (12 bytes).
    Removing hal_tim.o(.ARM.exidx.text.TIM_SelectOnePulseMode), (8 bytes).
    Removing hal_tim.o(.text.TIM_SelectOutputTrigger), (12 bytes).
    Removing hal_tim.o(.ARM.exidx.text.TIM_SelectOutputTrigger), (8 bytes).
    Removing hal_tim.o(.text.TIM_SelectSlaveMode), (12 bytes).
    Removing hal_tim.o(.ARM.exidx.text.TIM_SelectSlaveMode), (8 bytes).
    Removing hal_tim.o(.text.TIM_SelectMasterSlaveMode), (12 bytes).
    Removing hal_tim.o(.ARM.exidx.text.TIM_SelectMasterSlaveMode), (8 bytes).
    Removing hal_tim.o(.text.TIM_SetAutoreload), (4 bytes).
    Removing hal_tim.o(.ARM.exidx.text.TIM_SetAutoreload), (8 bytes).
    Removing hal_tim.o(.text.TIM_SetClockDivision), (14 bytes).
    Removing hal_tim.o(.ARM.exidx.text.TIM_SetClockDivision), (8 bytes).
    Removing hal_tim.o(.text.TIM_SetCounter), (18 bytes).
    Removing hal_tim.o(.ARM.exidx.text.TIM_SetCounter), (8 bytes).
    Removing hal_tim.o(.text.TIM_SetCompare1), (18 bytes).
    Removing hal_tim.o(.ARM.exidx.text.TIM_SetCompare1), (8 bytes).
    Removing hal_tim.o(.text.TIM_SetCompare2), (18 bytes).
    Removing hal_tim.o(.ARM.exidx.text.TIM_SetCompare2), (8 bytes).
    Removing hal_tim.o(.text.TIM_SetCompare3), (18 bytes).
    Removing hal_tim.o(.ARM.exidx.text.TIM_SetCompare3), (8 bytes).
    Removing hal_tim.o(.text.TIM_SetCompare4), (18 bytes).
    Removing hal_tim.o(.ARM.exidx.text.TIM_SetCompare4), (8 bytes).
    Removing hal_tim.o(.text.TIM_GetCapture1), (4 bytes).
    Removing hal_tim.o(.ARM.exidx.text.TIM_GetCapture1), (8 bytes).
    Removing hal_tim.o(.text.TIM_GetCapture2), (4 bytes).
    Removing hal_tim.o(.ARM.exidx.text.TIM_GetCapture2), (8 bytes).
    Removing hal_tim.o(.text.TIM_GetCapture3), (4 bytes).
    Removing hal_tim.o(.ARM.exidx.text.TIM_GetCapture3), (8 bytes).
    Removing hal_tim.o(.text.TIM_GetCapture4), (4 bytes).
    Removing hal_tim.o(.ARM.exidx.text.TIM_GetCapture4), (8 bytes).
    Removing hal_tim.o(.text.TIM_GetCounter), (4 bytes).
    Removing hal_tim.o(.ARM.exidx.text.TIM_GetCounter), (8 bytes).
    Removing hal_tim.o(.text.TIM_GetPrescaler), (6 bytes).
    Removing hal_tim.o(.ARM.exidx.text.TIM_GetPrescaler), (8 bytes).
    Removing hal_tim.o(.text.TIM_GetFlagStatus), (10 bytes).
    Removing hal_tim.o(.ARM.exidx.text.TIM_GetFlagStatus), (8 bytes).
    Removing hal_tim.o(.text.TIM_ClearFlag), (8 bytes).
    Removing hal_tim.o(.ARM.exidx.text.TIM_ClearFlag), (8 bytes).
    Removing hal_tim.o(.text.TIM_GetITStatus), (20 bytes).
    Removing hal_tim.o(.ARM.exidx.text.TIM_GetITStatus), (8 bytes).
    Removing hal_tim.o(.text.TIM_ClearITPendingBit), (8 bytes).
    Removing hal_tim.o(.ARM.exidx.text.TIM_ClearITPendingBit), (8 bytes).
    Removing hal_tim.o(.text.TIM_SetIC1Plority), (18 bytes).
    Removing hal_tim.o(.ARM.exidx.text.TIM_SetIC1Plority), (8 bytes).
    Removing hal_tim.o(.text.TIM_SetIC2Plority), (18 bytes).
    Removing hal_tim.o(.ARM.exidx.text.TIM_SetIC2Plority), (8 bytes).
    Removing hal_tim.o(.text.TIM_SetIC3Plority), (20 bytes).
    Removing hal_tim.o(.ARM.exidx.text.TIM_SetIC3Plority), (8 bytes).
    Removing hal_tim.o(.text.TIM_SetIC4Plority), (20 bytes).
    Removing hal_tim.o(.ARM.exidx.text.TIM_SetIC4Plority), (8 bytes).
    Removing hal_tim.o(.text.TIM_SetCompare5), (6 bytes).
    Removing hal_tim.o(.ARM.exidx.text.TIM_SetCompare5), (8 bytes).
    Removing hal_tim.o(.text.TIM_GetCapture5), (4 bytes).
    Removing hal_tim.o(.ARM.exidx.text.TIM_GetCapture5), (8 bytes).
    Removing hal_tim.o(.text.TIM_OC5PreloadConfig), (12 bytes).
    Removing hal_tim.o(.ARM.exidx.text.TIM_OC5PreloadConfig), (8 bytes).
    Removing hal_tim.o(.text.TIM_PWMShiftConfig), (20 bytes).
    Removing hal_tim.o(.ARM.exidx.text.TIM_PWMShiftConfig), (8 bytes).
    Removing hal_tim.o(.text.TIM_SetCCR1FALL), (16 bytes).
    Removing hal_tim.o(.ARM.exidx.text.TIM_SetCCR1FALL), (8 bytes).
    Removing hal_tim.o(.text.TIM_SetCCR2FALL), (16 bytes).
    Removing hal_tim.o(.ARM.exidx.text.TIM_SetCCR2FALL), (8 bytes).
    Removing hal_tim.o(.text.TIM_SetCCR3FALL), (16 bytes).
    Removing hal_tim.o(.ARM.exidx.text.TIM_SetCCR3FALL), (8 bytes).
    Removing hal_tim.o(.text.TIM_SetCCR4FALL), (16 bytes).
    Removing hal_tim.o(.ARM.exidx.text.TIM_SetCCR4FALL), (8 bytes).
    Removing hal_tim.o(.text.TIM_SetCCR5FALL), (16 bytes).
    Removing hal_tim.o(.ARM.exidx.text.TIM_SetCCR5FALL), (8 bytes).
    Removing hal_tim.o(.text.TIM_BreakInputFilterConfig), (28 bytes).
    Removing hal_tim.o(.ARM.exidx.text.TIM_BreakInputFilterConfig), (8 bytes).
    Removing hal_tim.o(.text.TIM_BreakInputFilterCmd), (16 bytes).
    Removing hal_tim.o(.ARM.exidx.text.TIM_BreakInputFilterCmd), (8 bytes).
    Removing hal_tim.o(.text.TIM_ETRRemapConfig), (28 bytes).
    Removing hal_tim.o(.ARM.exidx.text.TIM_ETRRemapConfig), (8 bytes).
    Removing hal_tim.o(.text.TIM_TI4RemapConfig), (28 bytes).
    Removing hal_tim.o(.ARM.exidx.text.TIM_TI4RemapConfig), (8 bytes).
    Removing hal_uart.o(.text), (0 bytes).
    Removing hal_uart.o(.text.UART_DeInit), (44 bytes).
    Removing hal_uart.o(.ARM.exidx.text.UART_DeInit), (8 bytes).
    Removing hal_uart.o(.text.UART_Init), (120 bytes).
    Removing hal_uart.o(.ARM.exidx.text.UART_Init), (8 bytes).
    Removing hal_uart.o(.text.UART_StructInit), (24 bytes).
    Removing hal_uart.o(.ARM.exidx.text.UART_StructInit), (8 bytes).
    Removing hal_uart.o(.text.UART_Cmd), (12 bytes).
    Removing hal_uart.o(.ARM.exidx.text.UART_Cmd), (8 bytes).
    Removing hal_uart.o(.text.UART_ITConfig), (20 bytes).
    Removing hal_uart.o(.ARM.exidx.text.UART_ITConfig), (8 bytes).
    Removing hal_uart.o(.text.UART_DMACmd), (14 bytes).
    Removing hal_uart.o(.ARM.exidx.text.UART_DMACmd), (8 bytes).
    Removing hal_uart.o(.text.UART_SendData), (6 bytes).
    Removing hal_uart.o(.ARM.exidx.text.UART_SendData), (8 bytes).
    Removing hal_uart.o(.text.UART_ReceiveData), (6 bytes).
    Removing hal_uart.o(.ARM.exidx.text.UART_ReceiveData), (8 bytes).
    Removing hal_uart.o(.text.UART_GetFlagStatus), (10 bytes).
    Removing hal_uart.o(.ARM.exidx.text.UART_GetFlagStatus), (8 bytes).
    Removing hal_uart.o(.text.UART_GetITStatus), (10 bytes).
    Removing hal_uart.o(.ARM.exidx.text.UART_GetITStatus), (8 bytes).
    Removing hal_uart.o(.text.UART_ClearITPendingBit), (4 bytes).
    Removing hal_uart.o(.ARM.exidx.text.UART_ClearITPendingBit), (8 bytes).
    Removing hal_uart.o(.text.UART_WakeUpConfig), (14 bytes).
    Removing hal_uart.o(.ARM.exidx.text.UART_WakeUpConfig), (8 bytes).
    Removing hal_uart.o(.text.UART_ReceiverWakeUpCmd), (16 bytes).
    Removing hal_uart.o(.ARM.exidx.text.UART_ReceiverWakeUpCmd), (8 bytes).
    Removing hal_uart.o(.text.UART_SetRXAddress), (12 bytes).
    Removing hal_uart.o(.ARM.exidx.text.UART_SetRXAddress), (8 bytes).
    Removing hal_uart.o(.text.UART_SetRXMASK), (12 bytes).
    Removing hal_uart.o(.ARM.exidx.text.UART_SetRXMASK), (8 bytes).
    Removing hal_uart.o(.text.UART_Enable9bit), (16 bytes).
    Removing hal_uart.o(.ARM.exidx.text.UART_Enable9bit), (8 bytes).
    Removing hal_uart.o(.text.UART_Set9bitLevel), (16 bytes).
    Removing hal_uart.o(.ARM.exidx.text.UART_Set9bitLevel), (8 bytes).
    Removing hal_uart.o(.text.UART_Set9bitPolarity), (14 bytes).
    Removing hal_uart.o(.ARM.exidx.text.UART_Set9bitPolarity), (8 bytes).
    Removing hal_uart.o(.text.UART_Set9bitAutomaticToggle), (16 bytes).
    Removing hal_uart.o(.ARM.exidx.text.UART_Set9bitAutomaticToggle), (8 bytes).
    Removing hal_uart.o(.text.UART_HalfDuplexCmd), (16 bytes).
    Removing hal_uart.o(.ARM.exidx.text.UART_HalfDuplexCmd), (8 bytes).
    Removing hal_uart.o(.text.UART_SetGuardTime), (16 bytes).
    Removing hal_uart.o(.ARM.exidx.text.UART_SetGuardTime), (8 bytes).
    Removing hal_uart.o(.text.UART_SmartCardCmd), (12 bytes).
    Removing hal_uart.o(.ARM.exidx.text.UART_SmartCardCmd), (8 bytes).
    Removing hal_uart.o(.text.UART_SmartCardNACKCmd), (14 bytes).
    Removing hal_uart.o(.ARM.exidx.text.UART_SmartCardNACKCmd), (8 bytes).
    Removing hal_uart.o(.text.UART_SendBreak), (10 bytes).
    Removing hal_uart.o(.ARM.exidx.text.UART_SendBreak), (8 bytes).
    Removing hal_uart.o(.text.UART_AutoBaudRateCmd), (16 bytes).
    Removing hal_uart.o(.ARM.exidx.text.UART_AutoBaudRateCmd), (8 bytes).
    Removing hal_uart.o(.text.UART_AutoBaudRateSet), (120 bytes).
    Removing hal_uart.o(.ARM.exidx.text.UART_AutoBaudRateSet), (8 bytes).
    Removing hal_uart.o(.text.UART_SetTXToggle), (16 bytes).
    Removing hal_uart.o(.ARM.exidx.text.UART_SetTXToggle), (8 bytes).
    Removing hal_uart.o(.text.UART_SetRXToggle), (16 bytes).
    Removing hal_uart.o(.ARM.exidx.text.UART_SetRXToggle), (8 bytes).
    Removing hal_uart.o(.text.UART_SetTxRxSWAP), (16 bytes).
    Removing hal_uart.o(.ARM.exidx.text.UART_SetTxRxSWAP), (8 bytes).
    Removing hal_uart.o(.text.UART_SetTransmitEnable), (14 bytes).
    Removing hal_uart.o(.ARM.exidx.text.UART_SetTransmitEnable), (8 bytes).
    Removing hal_uart.o(.text.UART_SetRecevieEnable), (14 bytes).
    Removing hal_uart.o(.ARM.exidx.text.UART_SetRecevieEnable), (8 bytes).
    Removing hal_uart.o(.text.UART_SetLIN), (16 bytes).
    Removing hal_uart.o(.ARM.exidx.text.UART_SetLIN), (8 bytes).
    Removing hal_uid.o(.text), (0 bytes).
    Removing hal_uid.o(.text.GetChipUID), (32 bytes).
    Removing hal_uid.o(.ARM.exidx.text.GetChipUID), (8 bytes).
    Removing hal_uid.o(.bss.device_id_data), (12 bytes).
    Removing hal_ver.o(.text), (0 bytes).
    Removing hal_ver.o(.text.Get_MM32LibVersion), (6 bytes).
    Removing hal_ver.o(.ARM.exidx.text.Get_MM32LibVersion), (8 bytes).
    Removing hal_ver.o(.text.Get_MM32LibReleaseDate), (8 bytes).
    Removing hal_ver.o(.ARM.exidx.text.Get_MM32LibReleaseDate), (8 bytes).
    Removing hal_ver.o(.text.Get_ChipsetREVID), (16 bytes).
    Removing hal_ver.o(.ARM.exidx.text.Get_ChipsetREVID), (8 bytes).
    Removing hal_ver.o(.text.Get_ChipsetDEVID), (12 bytes).
    Removing hal_ver.o(.ARM.exidx.text.Get_ChipsetDEVID), (8 bytes).
    Removing hal_ver.o(.text.Get_ChipsetUIDw0), (12 bytes).
    Removing hal_ver.o(.ARM.exidx.text.Get_ChipsetUIDw0), (8 bytes).
    Removing hal_ver.o(.text.Get_ChipsetUIDw1), (12 bytes).
    Removing hal_ver.o(.ARM.exidx.text.Get_ChipsetUIDw1), (8 bytes).
    Removing hal_ver.o(.text.Get_ChipsetUIDw2), (12 bytes).
    Removing hal_ver.o(.ARM.exidx.text.Get_ChipsetUIDw2), (8 bytes).
    Removing hal_wwdg.o(.text), (0 bytes).
    Removing hal_wwdg.o(.text.WWDG_DeInit), (12 bytes).
    Removing hal_wwdg.o(.ARM.exidx.text.WWDG_DeInit), (8 bytes).
    Removing hal_wwdg.o(.text.WWDG_SetPrescaler), (20 bytes).
    Removing hal_wwdg.o(.ARM.exidx.text.WWDG_SetPrescaler), (8 bytes).
    Removing hal_wwdg.o(.text.WWDG_SetWindowValue), (20 bytes).
    Removing hal_wwdg.o(.ARM.exidx.text.WWDG_SetWindowValue), (8 bytes).
    Removing hal_wwdg.o(.text.WWDG_EnableIT), (20 bytes).
    Removing hal_wwdg.o(.ARM.exidx.text.WWDG_EnableIT), (8 bytes).
    Removing hal_wwdg.o(.text.WWDG_SetCounter), (16 bytes).
    Removing hal_wwdg.o(.ARM.exidx.text.WWDG_SetCounter), (8 bytes).
    Removing hal_wwdg.o(.text.WWDG_GetCounter), (16 bytes).
    Removing hal_wwdg.o(.ARM.exidx.text.WWDG_GetCounter), (8 bytes).
    Removing hal_wwdg.o(.text.WWDG_Enable), (16 bytes).
    Removing hal_wwdg.o(.ARM.exidx.text.WWDG_Enable), (8 bytes).
    Removing hal_wwdg.o(.text.WWDG_GetFlagStatus), (16 bytes).
    Removing hal_wwdg.o(.ARM.exidx.text.WWDG_GetFlagStatus), (8 bytes).
    Removing hal_wwdg.o(.text.WWDG_ClearFlag), (16 bytes).
    Removing hal_wwdg.o(.ARM.exidx.text.WWDG_ClearFlag), (8 bytes).
    Removing hal_flexcan.o(.text), (0 bytes).
    Removing hal_flexcan.o(.text.FLEXCAN_EnterFreezeMode), (26 bytes).
    Removing hal_flexcan.o(.ARM.exidx.text.FLEXCAN_EnterFreezeMode), (8 bytes).
    Removing hal_flexcan.o(.text.FLEXCAN_ExitFreezeMode), (26 bytes).
    Removing hal_flexcan.o(.ARM.exidx.text.FLEXCAN_ExitFreezeMode), (8 bytes).
    Removing hal_flexcan.o(.text.FLEXCAN_IsMbOccupied), (32 bytes).
    Removing hal_flexcan.o(.ARM.exidx.text.FLEXCAN_IsMbOccupied), (8 bytes).
    Removing hal_flexcan.o(.text.FLEXCAN_Init), (472 bytes).
    Removing hal_flexcan.o(.ARM.exidx.text.FLEXCAN_Init), (8 bytes).
    Removing hal_flexcan.o(.text.FLEXCAN_Deinit), (108 bytes).
    Removing hal_flexcan.o(.ARM.exidx.text.FLEXCAN_Deinit), (8 bytes).
    Removing hal_flexcan.o(.text.FLEXCAN_GetDefaultConfig), (52 bytes).
    Removing hal_flexcan.o(.ARM.exidx.text.FLEXCAN_GetDefaultConfig), (8 bytes).
    Removing hal_flexcan.o(.text.FLEXCAN_SetTimingConfig), (128 bytes).
    Removing hal_flexcan.o(.ARM.exidx.text.FLEXCAN_SetTimingConfig), (8 bytes).
    Removing hal_flexcan.o(.text.FLEXCAN_SetRxMbGlobalMask), (54 bytes).
    Removing hal_flexcan.o(.ARM.exidx.text.FLEXCAN_SetRxMbGlobalMask), (8 bytes).
    Removing hal_flexcan.o(.text.FLEXCAN_SetRxFifoGlobalMask), (50 bytes).
    Removing hal_flexcan.o(.ARM.exidx.text.FLEXCAN_SetRxFifoGlobalMask), (8 bytes).
    Removing hal_flexcan.o(.text.FLEXCAN_SetRxIndividualMask), (58 bytes).
    Removing hal_flexcan.o(.ARM.exidx.text.FLEXCAN_SetRxIndividualMask), (8 bytes).
    Removing hal_flexcan.o(.text.FLEXCAN_SetTxMbConfig), (26 bytes).
    Removing hal_flexcan.o(.ARM.exidx.text.FLEXCAN_SetTxMbConfig), (8 bytes).
    Removing hal_flexcan.o(.text.FLEXCAN_CalculateImprovedTimingValues), (212 bytes).
    Removing hal_flexcan.o(.ARM.exidx.text.FLEXCAN_CalculateImprovedTimingValues), (8 bytes).
    Removing hal_flexcan.o(.text.FLEXCAN_SetRxMbConfig), (60 bytes).
    Removing hal_flexcan.o(.ARM.exidx.text.FLEXCAN_SetRxMbConfig), (8 bytes).
    Removing hal_flexcan.o(.text.FLEXCAN_SetRxFifoConfig), (322 bytes).
    Removing hal_flexcan.o(.ARM.exidx.text.FLEXCAN_SetRxFifoConfig), (8 bytes).
    Removing hal_flexcan.o(.text.FLEXCAN_EnableRxFifoDMA), (108 bytes).
    Removing hal_flexcan.o(.ARM.exidx.text.FLEXCAN_EnableRxFifoDMA), (8 bytes).
    Removing hal_flexcan.o(.text.FLEXCAN_WriteTxMb), (84 bytes).
    Removing hal_flexcan.o(.ARM.exidx.text.FLEXCAN_WriteTxMb), (8 bytes).
    Removing hal_flexcan.o(.text.FLEXCAN_ReadRxMb), (84 bytes).
    Removing hal_flexcan.o(.ARM.exidx.text.FLEXCAN_ReadRxMb), (8 bytes).
    Removing hal_flexcan.o(.text.FLEXCAN_ReadRxFifo), (84 bytes).
    Removing hal_flexcan.o(.ARM.exidx.text.FLEXCAN_ReadRxFifo), (8 bytes).
    Removing hal_flexcan.o(.text.FLEXCAN_TransferSendBlocking), (110 bytes).
    Removing hal_flexcan.o(.ARM.exidx.text.FLEXCAN_TransferSendBlocking), (8 bytes).
    Removing hal_flexcan.o(.text.FLEXCAN_TransferReceiveBlocking), (98 bytes).
    Removing hal_flexcan.o(.ARM.exidx.text.FLEXCAN_TransferReceiveBlocking), (8 bytes).
    Removing hal_flexcan.o(.text.FLEXCAN_TransferReceiveFifoBlocking), (96 bytes).
    Removing hal_flexcan.o(.ARM.exidx.text.FLEXCAN_TransferReceiveFifoBlocking), (8 bytes).
    Removing hal_flexcan.o(.text.FLEXCAN_TransferCreateHandle), (68 bytes).
    Removing hal_flexcan.o(.ARM.exidx.text.FLEXCAN_TransferCreateHandle), (8 bytes).
    Removing hal_flexcan.o(.text.FLEXCAN_TransferSendNonBlocking), (156 bytes).
    Removing hal_flexcan.o(.ARM.exidx.text.FLEXCAN_TransferSendNonBlocking), (8 bytes).
    Removing hal_flexcan.o(.text.FLEXCAN_TransferReceiveNonBlocking), (48 bytes).
    Removing hal_flexcan.o(.ARM.exidx.text.FLEXCAN_TransferReceiveNonBlocking), (8 bytes).
    Removing hal_flexcan.o(.text.FLEXCAN_TransferReceiveFifoNonBlocking), (44 bytes).
    Removing hal_flexcan.o(.ARM.exidx.text.FLEXCAN_TransferReceiveFifoNonBlocking), (8 bytes).
    Removing hal_flexcan.o(.text.FLEXCAN_TransferAbortSend), (58 bytes).
    Removing hal_flexcan.o(.ARM.exidx.text.FLEXCAN_TransferAbortSend), (8 bytes).
    Removing hal_flexcan.o(.text.FLEXCAN_TransferAbortReceive), (30 bytes).
    Removing hal_flexcan.o(.ARM.exidx.text.FLEXCAN_TransferAbortReceive), (8 bytes).
    Removing hal_flexcan.o(.text.FLEXCAN_TransferAbortReceiveFifo), (38 bytes).
    Removing hal_flexcan.o(.ARM.exidx.text.FLEXCAN_TransferAbortReceiveFifo), (8 bytes).
    Removing hal_flexcan.o(.text.FLEXCAN_GetTimeStamp), (12 bytes).
    Removing hal_flexcan.o(.ARM.exidx.text.FLEXCAN_GetTimeStamp), (8 bytes).
    Removing hal_flexcan.o(.text.FLEXCAN_TransferHandleIRQ), (628 bytes).
    Removing hal_flexcan.o(.ARM.exidx.text.FLEXCAN_TransferHandleIRQ), (8 bytes).
    Removing hal_flexcan.o(.rodata.canTiming), (72 bytes).
    Removing system_mm32f0140.o(.text), (0 bytes).
    Removing system_mm32f0140.o(.ARM.exidx.text.SystemInit), (8 bytes).
    Removing system_mm32f0140.o(.text.AutoCalPllFactor), (108 bytes).
    Removing system_mm32f0140.o(.ARM.exidx.text.AutoCalPllFactor), (8 bytes).
    Removing system_mm32f0140.o(.rodata.AHBPrescTable), (16 bytes).

943 unused section(s) (total 21553 bytes) removed from the image.

==============================================================================

Image Symbol Table

    Local Symbols

    Symbol Name                              Value     Ov Type        Size  Object(Section)

    ../STARTUP/startup_mm32f0140_keil.s      0x00000000   Number         0  startup_mm32f0140_keil.o ABSOLUTE
    ../clib/angel/boardlib.s                 0x00000000   Number         0  boardinit1.o ABSOLUTE
    ../clib/angel/boardlib.s                 0x00000000   Number         0  boardinit2.o ABSOLUTE
    ../clib/angel/boardlib.s                 0x00000000   Number         0  boardinit3.o ABSOLUTE
    ../clib/angel/boardlib.s                 0x00000000   Number         0  boardshut.o ABSOLUTE
    ../clib/angel/handlers.s                 0x00000000   Number         0  __scatter_copy.o ABSOLUTE
    ../clib/angel/handlers.s                 0x00000000   Number         0  __scatter_zi.o ABSOLUTE
    ../clib/angel/kernel.s                   0x00000000   Number         0  __rtentry.o ABSOLUTE
    ../clib/angel/kernel.s                   0x00000000   Number         0  __rtentry2.o ABSOLUTE
    ../clib/angel/kernel.s                   0x00000000   Number         0  __rtentry4.o ABSOLUTE
    ../clib/angel/kernel.s                   0x00000000   Number         0  rtexit.o ABSOLUTE
    ../clib/angel/kernel.s                   0x00000000   Number         0  rtexit2.o ABSOLUTE
    ../clib/angel/rt.s                       0x00000000   Number         0  aeabi_idiv0.o ABSOLUTE
    ../clib/angel/rt.s                       0x00000000   Number         0  aeabi_idiv0_sigfpe.o ABSOLUTE
    ../clib/angel/rt.s                       0x00000000   Number         0  rt_div0.o ABSOLUTE
    ../clib/angel/rt.s                       0x00000000   Number         0  rt_raise.o ABSOLUTE
    ../clib/angel/scatterp.s                 0x00000000   Number         0  __scatter.o ABSOLUTE
    ../clib/angel/startup.s                  0x00000000   Number         0  __main.o ABSOLUTE
    ../clib/angel/sys.s                      0x00000000   Number         0  sys_stackheap_outer.o ABSOLUTE
    ../clib/angel/sys.s                      0x00000000   Number         0  libspace.o ABSOLUTE
    ../clib/angel/sys.s                      0x00000000   Number         0  tempstk.o ABSOLUTE
    ../clib/angel/sys.s                      0x00000000   Number         0  use_no_semi.o ABSOLUTE
    ../clib/angel/sys.s                      0x00000000   Number         0  indicate_semi.o ABSOLUTE
    ../clib/angel/sysapp.c                   0x00000000   Number         0  sys_exit.o ABSOLUTE
    ../clib/angel/sysapp.c                   0x00000000   Number         0  sys_exit_hlt.o ABSOLUTE
    ../clib/angel/sysapp.c                   0x00000000   Number         0  sys_wrch.o ABSOLUTE
    ../clib/angel/sysapp.c                   0x00000000   Number         0  sys_wrch_hlt.o ABSOLUTE
    ../clib/angel/sysapp.c                   0x00000000   Number         0  sys_command.o ABSOLUTE
    ../clib/angel/sysapp.c                   0x00000000   Number         0  sys_command_hlt.o ABSOLUTE
    ../clib/armsys.c                         0x00000000   Number         0  argv_veneer.o ABSOLUTE
    ../clib/armsys.c                         0x00000000   Number         0  _get_argv_nomalloc.o ABSOLUTE
    ../clib/armsys.c                         0x00000000   Number         0  no_argv.o ABSOLUTE
    ../clib/division.s                       0x00000000   Number         0  aeabi_sdivfast.o ABSOLUTE
    ../clib/division.s                       0x00000000   Number         0  aeabi_sdivfast_div0.o ABSOLUTE
    ../clib/heapalloc.c                      0x00000000   Number         0  hrguard.o ABSOLUTE
    ../clib/heapaux.c                        0x00000000   Number         0  heapauxi.o ABSOLUTE
    ../clib/libinit.s                        0x00000000   Number         0  libinit.o ABSOLUTE
    ../clib/libinit.s                        0x00000000   Number         0  libinit2.o ABSOLUTE
    ../clib/libinit.s                        0x00000000   Number         0  libshutdown.o ABSOLUTE
    ../clib/libinit.s                        0x00000000   Number         0  libshutdown2.o ABSOLUTE
    ../clib/memcpset.c                       0x00000000   Number         0  rt_memclr.o ABSOLUTE
    ../clib/signal.c                         0x00000000   Number         0  defsig_fpe_outer.o ABSOLUTE
    ../clib/signal.c                         0x00000000   Number         0  defsig_fpe_formal.o ABSOLUTE
    ../clib/signal.c                         0x00000000   Number         0  defsig_exit.o ABSOLUTE
    ../clib/signal.c                         0x00000000   Number         0  defsig_fpe_inner.o ABSOLUTE
    ../clib/signal.c                         0x00000000   Number         0  __raise.o ABSOLUTE
    ../clib/signal.c                         0x00000000   Number         0  defsig_general.o ABSOLUTE
    ../clib/signal.c                         0x00000000   Number         0  defsig_abrt_inner.o ABSOLUTE
    ../clib/signal.c                         0x00000000   Number         0  defsig_rtred_inner.o ABSOLUTE
    ../clib/signal.c                         0x00000000   Number         0  defsig_rtmem_inner.o ABSOLUTE
    ../clib/signal.c                         0x00000000   Number         0  defsig_rtmem_outer.o ABSOLUTE
    ../clib/signal.c                         0x00000000   Number         0  defsig_rtmem_formal.o ABSOLUTE
    ../clib/signal.c                         0x00000000   Number         0  defsig_stak_inner.o ABSOLUTE
    ../clib/signal.c                         0x00000000   Number         0  defsig_pvfn_inner.o ABSOLUTE
    ../clib/signal.c                         0x00000000   Number         0  defsig_cppl_inner.o ABSOLUTE
    ../clib/signal.c                         0x00000000   Number         0  defsig_segv_inner.o ABSOLUTE
    ../clib/signal.c                         0x00000000   Number         0  defsig_other.o ABSOLUTE
    ../clib/signal.s                         0x00000000   Number         0  defsig.o ABSOLUTE
    ../clib/stdlib.c                         0x00000000   Number         0  exit.o ABSOLUTE
    ../fplib/cfplib/fpinit.c                 0x00000000   Number         0  fpinit.o ABSOLUTE
    dc.s                                     0x00000000   Number         0  dc.o ABSOLUTE
    hal_adc.c                                0x00000000   Number         0  hal_adc.o ABSOLUTE
    hal_comp.c                               0x00000000   Number         0  hal_comp.o ABSOLUTE
    hal_crc.c                                0x00000000   Number         0  hal_crc.o ABSOLUTE
    hal_dbg.c                                0x00000000   Number         0  hal_dbg.o ABSOLUTE
    hal_div.c                                0x00000000   Number         0  hal_div.o ABSOLUTE
    hal_dma.c                                0x00000000   Number         0  hal_dma.o ABSOLUTE
    hal_exti.c                               0x00000000   Number         0  hal_exti.o ABSOLUTE
    hal_flash.c                              0x00000000   Number         0  hal_flash.o ABSOLUTE
    hal_flexcan.c                            0x00000000   Number         0  hal_flexcan.o ABSOLUTE
    hal_gpio.c                               0x00000000   Number         0  hal_gpio.o ABSOLUTE
    hal_i2c.c                                0x00000000   Number         0  hal_i2c.o ABSOLUTE
    hal_iwdg.c                               0x00000000   Number         0  hal_iwdg.o ABSOLUTE
    hal_misc.c                               0x00000000   Number         0  hal_misc.o ABSOLUTE
    hal_pwr.c                                0x00000000   Number         0  hal_pwr.o ABSOLUTE
    hal_rcc.c                                0x00000000   Number         0  hal_rcc.o ABSOLUTE
    hal_spi.c                                0x00000000   Number         0  hal_spi.o ABSOLUTE
    hal_tim.c                                0x00000000   Number         0  hal_tim.o ABSOLUTE
    hal_uart.c                               0x00000000   Number         0  hal_uart.o ABSOLUTE
    hal_uid.c                                0x00000000   Number         0  hal_uid.o ABSOLUTE
    hal_ver.c                                0x00000000   Number         0  hal_ver.o ABSOLUTE
    hal_wwdg.c                               0x00000000   Number         0  hal_wwdg.o ABSOLUTE
    main.c                                   0x00000000   Number         0  main.o ABSOLUTE
    system_mm32f0140.c                       0x00000000   Number         0  system_mm32f0140.o ABSOLUTE
    RESET                                    0x08000000   Section      192  startup_mm32f0140_keil.o(RESET)
    !!!main                                  0x080000c0   Section        8  __main.o(!!!main)
    !!!scatter                               0x080000c8   Section       60  __scatter.o(!!!scatter)
    !!handler_copy                           0x08000104   Section       26  __scatter_copy.o(!!handler_copy)
    !!handler_zi                             0x08000120   Section       28  __scatter_zi.o(!!handler_zi)
    .ARM.Collect$$libinit$$00000000          0x0800013c   Section        2  libinit.o(.ARM.Collect$$libinit$$00000000)
    .ARM.Collect$$libinit$$00000002          0x0800013e   Section        0  libinit2.o(.ARM.Collect$$libinit$$00000002)
    .ARM.Collect$$libinit$$00000004          0x0800013e   Section        0  libinit2.o(.ARM.Collect$$libinit$$00000004)
    .ARM.Collect$$libinit$$00000006          0x0800013e   Section        0  libinit2.o(.ARM.Collect$$libinit$$00000006)
    .ARM.Collect$$libinit$$0000000C          0x0800013e   Section        0  libinit2.o(.ARM.Collect$$libinit$$0000000C)
    .ARM.Collect$$libinit$$0000000E          0x0800013e   Section        0  libinit2.o(.ARM.Collect$$libinit$$0000000E)
    .ARM.Collect$$libinit$$00000010          0x0800013e   Section        0  libinit2.o(.ARM.Collect$$libinit$$00000010)
    .ARM.Collect$$libinit$$00000013          0x0800013e   Section        0  libinit2.o(.ARM.Collect$$libinit$$00000013)
    .ARM.Collect$$libinit$$00000015          0x0800013e   Section        0  libinit2.o(.ARM.Collect$$libinit$$00000015)
    .ARM.Collect$$libinit$$00000017          0x0800013e   Section        0  libinit2.o(.ARM.Collect$$libinit$$00000017)
    .ARM.Collect$$libinit$$00000019          0x0800013e   Section        0  libinit2.o(.ARM.Collect$$libinit$$00000019)
    .ARM.Collect$$libinit$$0000001B          0x0800013e   Section        0  libinit2.o(.ARM.Collect$$libinit$$0000001B)
    .ARM.Collect$$libinit$$0000001D          0x0800013e   Section        0  libinit2.o(.ARM.Collect$$libinit$$0000001D)
    .ARM.Collect$$libinit$$0000001F          0x0800013e   Section        0  libinit2.o(.ARM.Collect$$libinit$$0000001F)
    .ARM.Collect$$libinit$$00000021          0x0800013e   Section        0  libinit2.o(.ARM.Collect$$libinit$$00000021)
    .ARM.Collect$$libinit$$00000023          0x0800013e   Section        0  libinit2.o(.ARM.Collect$$libinit$$00000023)
    .ARM.Collect$$libinit$$00000025          0x0800013e   Section        0  libinit2.o(.ARM.Collect$$libinit$$00000025)
    .ARM.Collect$$libinit$$00000027          0x0800013e   Section        0  libinit2.o(.ARM.Collect$$libinit$$00000027)
    .ARM.Collect$$libinit$$0000002E          0x0800013e   Section        0  libinit2.o(.ARM.Collect$$libinit$$0000002E)
    .ARM.Collect$$libinit$$00000030          0x0800013e   Section        0  libinit2.o(.ARM.Collect$$libinit$$00000030)
    .ARM.Collect$$libinit$$00000032          0x0800013e   Section        0  libinit2.o(.ARM.Collect$$libinit$$00000032)
    .ARM.Collect$$libinit$$00000034          0x0800013e   Section        0  libinit2.o(.ARM.Collect$$libinit$$00000034)
    .ARM.Collect$$libinit$$00000035          0x0800013e   Section        2  libinit2.o(.ARM.Collect$$libinit$$00000035)
    .ARM.Collect$$libshutdown$$00000000      0x08000140   Section        2  libshutdown.o(.ARM.Collect$$libshutdown$$00000000)
    .ARM.Collect$$libshutdown$$00000002      0x08000142   Section        0  libshutdown2.o(.ARM.Collect$$libshutdown$$00000002)
    .ARM.Collect$$libshutdown$$00000004      0x08000142   Section        0  libshutdown2.o(.ARM.Collect$$libshutdown$$00000004)
    .ARM.Collect$$libshutdown$$00000007      0x08000142   Section        0  libshutdown2.o(.ARM.Collect$$libshutdown$$00000007)
    .ARM.Collect$$libshutdown$$0000000A      0x08000142   Section        0  libshutdown2.o(.ARM.Collect$$libshutdown$$0000000A)
    .ARM.Collect$$libshutdown$$0000000C      0x08000142   Section        0  libshutdown2.o(.ARM.Collect$$libshutdown$$0000000C)
    .ARM.Collect$$libshutdown$$0000000F      0x08000142   Section        0  libshutdown2.o(.ARM.Collect$$libshutdown$$0000000F)
    .ARM.Collect$$libshutdown$$00000010      0x08000142   Section        2  libshutdown2.o(.ARM.Collect$$libshutdown$$00000010)
    .ARM.Collect$$rtentry$$00000000          0x08000144   Section        0  __rtentry.o(.ARM.Collect$$rtentry$$00000000)
    .ARM.Collect$$rtentry$$00000002          0x08000144   Section        0  __rtentry2.o(.ARM.Collect$$rtentry$$00000002)
    .ARM.Collect$$rtentry$$00000004          0x08000144   Section        6  __rtentry4.o(.ARM.Collect$$rtentry$$00000004)
    .ARM.Collect$$rtentry$$00000009          0x0800014a   Section        0  __rtentry2.o(.ARM.Collect$$rtentry$$00000009)
    .ARM.Collect$$rtentry$$0000000A          0x0800014a   Section        4  __rtentry2.o(.ARM.Collect$$rtentry$$0000000A)
    .ARM.Collect$$rtentry$$0000000C          0x0800014e   Section        0  __rtentry2.o(.ARM.Collect$$rtentry$$0000000C)
    .ARM.Collect$$rtentry$$0000000D          0x0800014e   Section        8  __rtentry2.o(.ARM.Collect$$rtentry$$0000000D)
    .ARM.Collect$$rtexit$$00000000           0x08000156   Section        2  rtexit.o(.ARM.Collect$$rtexit$$00000000)
    .ARM.Collect$$rtexit$$00000002           0x08000158   Section        0  rtexit2.o(.ARM.Collect$$rtexit$$00000002)
    .ARM.Collect$$rtexit$$00000003           0x08000158   Section        4  rtexit2.o(.ARM.Collect$$rtexit$$00000003)
    .ARM.Collect$$rtexit$$00000004           0x0800015c   Section        6  rtexit2.o(.ARM.Collect$$rtexit$$00000004)
    .text                                    0x08000164   Section       68  startup_mm32f0140_keil.o(.text)
    .text                                    0x080001a8   Section        0  heapauxi.o(.text)
    .text                                    0x080001ae   Section       62  sys_stackheap_outer.o(.text)
    .text                                    0x080001ec   Section        0  exit.o(.text)
    .text                                    0x080001fc   Section        8  libspace.o(.text)
    .text                                    0x08000204   Section        0  sys_exit.o(.text)
    .text                                    0x08000210   Section        2  use_no_semi.o(.text)
    .text                                    0x08000212   Section        0  indicate_semi.o(.text)
    [Anonymous Symbol]                       0x08000214   Section        0  system_mm32f0140.o(.text.SystemInit)
    __arm_cp.0_0                             0x080003f0   Number         4  system_mm32f0140.o(.text.SystemInit)
    __arm_cp.0_1                             0x080003f4   Number         4  system_mm32f0140.o(.text.SystemInit)
    __arm_cp.0_2                             0x080003f8   Number         4  system_mm32f0140.o(.text.SystemInit)
    __arm_cp.0_3                             0x080003fc   Number         4  system_mm32f0140.o(.text.SystemInit)
    __arm_cp.0_4                             0x08000400   Number         4  system_mm32f0140.o(.text.SystemInit)
    __arm_cp.0_5                             0x08000404   Number         4  system_mm32f0140.o(.text.SystemInit)
    __arm_cp.0_6                             0x08000408   Number         4  system_mm32f0140.o(.text.SystemInit)
    __arm_cp.0_7                             0x0800040c   Number         4  system_mm32f0140.o(.text.SystemInit)
    __arm_cp.0_8                             0x08000410   Number         4  system_mm32f0140.o(.text.SystemInit)
    __arm_cp.0_9                             0x08000414   Number         4  system_mm32f0140.o(.text.SystemInit)
    __arm_cp.0_10                            0x08000418   Number         4  system_mm32f0140.o(.text.SystemInit)
    __arm_cp.0_11                            0x0800041c   Number         4  system_mm32f0140.o(.text.SystemInit)
    [Anonymous Symbol]                       0x08000420   Section        0  main.o(.text.main)
    .text_divfast                            0x08000422   Section      502  aeabi_sdivfast.o(.text_divfast)
    .bss                                     0x20000008   Section       96  libspace.o(.bss)
    Heap_Mem                                 0x20000068   Data         512  startup_mm32f0140_keil.o(HEAP)
    HEAP                                     0x20000068   Section      512  startup_mm32f0140_keil.o(HEAP)
    Stack_Mem                                0x20000268   Data        1024  startup_mm32f0140_keil.o(STACK)
    STACK                                    0x20000268   Section     1024  startup_mm32f0140_keil.o(STACK)
    __initial_sp                             0x20000668   Data           0  startup_mm32f0140_keil.o(STACK)

    Global Symbols

    Symbol Name                              Value     Ov Type        Size  Object(Section)

    BuildAttributes$$THM_ISAv3M$S$PE$A:L22$X:L11$S22$IEEE1$IW$~IW$USESV6$~STKCKD$USESV7$~SHL$OTIME$ROPI$EBA8$UX$STANDARDLIB$REQ8$PRES8$EABIv2 0x00000000   Number         0  anon$$obj.o ABSOLUTE
    __ARM_exceptions_init                     - Undefined Weak Reference
    __alloca_initialize                       - Undefined Weak Reference
    __arm_preinit_                            - Undefined Weak Reference
    __arm_relocate_pie_                       - Undefined Weak Reference
    __cpp_initialize__aeabi_                  - Undefined Weak Reference
    __cxa_finalize                            - Undefined Weak Reference
    __rt_locale                               - Undefined Weak Reference
    __sigvec_lookup                           - Undefined Weak Reference
    _atexit_init                              - Undefined Weak Reference
    _call_atexit_fns                          - Undefined Weak Reference
    _clock_init                               - Undefined Weak Reference
    _fp_trap_init                             - Undefined Weak Reference
    _fp_trap_shutdown                         - Undefined Weak Reference
    _get_lc_collate                           - Undefined Weak Reference
    _get_lc_ctype                             - Undefined Weak Reference
    _get_lc_monetary                          - Undefined Weak Reference
    _get_lc_numeric                           - Undefined Weak Reference
    _get_lc_time                              - Undefined Weak Reference
    _getenv_init                              - Undefined Weak Reference
    _handle_redirection                       - Undefined Weak Reference
    _init_alloc                               - Undefined Weak Reference
    _init_user_alloc                          - Undefined Weak Reference
    _initio                                   - Undefined Weak Reference
    _rand_init                                - Undefined Weak Reference
    _signal_finish                            - Undefined Weak Reference
    _signal_init                              - Undefined Weak Reference
    _terminate_alloc                          - Undefined Weak Reference
    _terminate_user_alloc                     - Undefined Weak Reference
    _terminateio                              - Undefined Weak Reference
    __Vectors_Size                           0x000000c0   Number         0  startup_mm32f0140_keil.o ABSOLUTE
    __Vectors                                0x08000000   Data           4  startup_mm32f0140_keil.o(RESET)
    __Vectors_End                            0x080000c0   Data           0  startup_mm32f0140_keil.o(RESET)
    __main                                   0x080000c1   Thumb Code     8  __main.o(!!!main)
    __scatterload                            0x080000c9   Thumb Code     0  __scatter.o(!!!scatter)
    __scatterload_rt2                        0x080000c9   Thumb Code    52  __scatter.o(!!!scatter)
    __scatterload_rt2_thumb_only             0x080000c9   Thumb Code     0  __scatter.o(!!!scatter)
    __scatterload_null                       0x080000d9   Thumb Code     0  __scatter.o(!!!scatter)
    __scatterload_copy                       0x08000105   Thumb Code    26  __scatter_copy.o(!!handler_copy)
    __scatterload_zeroinit                   0x08000121   Thumb Code    28  __scatter_zi.o(!!handler_zi)
    __rt_lib_init                            0x0800013d   Thumb Code     0  libinit.o(.ARM.Collect$$libinit$$00000000)
    __rt_lib_init_alloca_1                   0x0800013f   Thumb Code     0  libinit2.o(.ARM.Collect$$libinit$$00000030)
    __rt_lib_init_argv_1                     0x0800013f   Thumb Code     0  libinit2.o(.ARM.Collect$$libinit$$0000002E)
    __rt_lib_init_atexit_1                   0x0800013f   Thumb Code     0  libinit2.o(.ARM.Collect$$libinit$$0000001D)
    __rt_lib_init_clock_1                    0x0800013f   Thumb Code     0  libinit2.o(.ARM.Collect$$libinit$$00000023)
    __rt_lib_init_cpp_1                      0x0800013f   Thumb Code     0  libinit2.o(.ARM.Collect$$libinit$$00000034)
    __rt_lib_init_exceptions_1               0x0800013f   Thumb Code     0  libinit2.o(.ARM.Collect$$libinit$$00000032)
    __rt_lib_init_fp_1                       0x0800013f   Thumb Code     0  libinit2.o(.ARM.Collect$$libinit$$00000002)
    __rt_lib_init_fp_trap_1                  0x0800013f   Thumb Code     0  libinit2.o(.ARM.Collect$$libinit$$00000021)
    __rt_lib_init_getenv_1                   0x0800013f   Thumb Code     0  libinit2.o(.ARM.Collect$$libinit$$00000025)
    __rt_lib_init_heap_1                     0x0800013f   Thumb Code     0  libinit2.o(.ARM.Collect$$libinit$$0000000C)
    __rt_lib_init_lc_collate_1               0x0800013f   Thumb Code     0  libinit2.o(.ARM.Collect$$libinit$$00000013)
    __rt_lib_init_lc_ctype_1                 0x0800013f   Thumb Code     0  libinit2.o(.ARM.Collect$$libinit$$00000015)
    __rt_lib_init_lc_monetary_1              0x0800013f   Thumb Code     0  libinit2.o(.ARM.Collect$$libinit$$00000017)
    __rt_lib_init_lc_numeric_1               0x0800013f   Thumb Code     0  libinit2.o(.ARM.Collect$$libinit$$00000019)
    __rt_lib_init_lc_time_1                  0x0800013f   Thumb Code     0  libinit2.o(.ARM.Collect$$libinit$$0000001B)
    __rt_lib_init_preinit_1                  0x0800013f   Thumb Code     0  libinit2.o(.ARM.Collect$$libinit$$00000006)
    __rt_lib_init_rand_1                     0x0800013f   Thumb Code     0  libinit2.o(.ARM.Collect$$libinit$$00000010)
    __rt_lib_init_relocate_pie_1             0x0800013f   Thumb Code     0  libinit2.o(.ARM.Collect$$libinit$$00000004)
    __rt_lib_init_return                     0x0800013f   Thumb Code     0  libinit2.o(.ARM.Collect$$libinit$$00000035)
    __rt_lib_init_signal_1                   0x0800013f   Thumb Code     0  libinit2.o(.ARM.Collect$$libinit$$0000001F)
    __rt_lib_init_stdio_1                    0x0800013f   Thumb Code     0  libinit2.o(.ARM.Collect$$libinit$$00000027)
    __rt_lib_init_user_alloc_1               0x0800013f   Thumb Code     0  libinit2.o(.ARM.Collect$$libinit$$0000000E)
    __rt_lib_shutdown                        0x08000141   Thumb Code     0  libshutdown.o(.ARM.Collect$$libshutdown$$00000000)
    __rt_lib_shutdown_cpp_1                  0x08000143   Thumb Code     0  libshutdown2.o(.ARM.Collect$$libshutdown$$00000002)
    __rt_lib_shutdown_fp_trap_1              0x08000143   Thumb Code     0  libshutdown2.o(.ARM.Collect$$libshutdown$$00000007)
    __rt_lib_shutdown_heap_1                 0x08000143   Thumb Code     0  libshutdown2.o(.ARM.Collect$$libshutdown$$0000000F)
    __rt_lib_shutdown_return                 0x08000143   Thumb Code     0  libshutdown2.o(.ARM.Collect$$libshutdown$$00000010)
    __rt_lib_shutdown_signal_1               0x08000143   Thumb Code     0  libshutdown2.o(.ARM.Collect$$libshutdown$$0000000A)
    __rt_lib_shutdown_stdio_1                0x08000143   Thumb Code     0  libshutdown2.o(.ARM.Collect$$libshutdown$$00000004)
    __rt_lib_shutdown_user_alloc_1           0x08000143   Thumb Code     0  libshutdown2.o(.ARM.Collect$$libshutdown$$0000000C)
    __rt_entry                               0x08000145   Thumb Code     0  __rtentry.o(.ARM.Collect$$rtentry$$00000000)
    __rt_entry_presh_1                       0x08000145   Thumb Code     0  __rtentry2.o(.ARM.Collect$$rtentry$$00000002)
    __rt_entry_sh                            0x08000145   Thumb Code     0  __rtentry4.o(.ARM.Collect$$rtentry$$00000004)
    __rt_entry_li                            0x0800014b   Thumb Code     0  __rtentry2.o(.ARM.Collect$$rtentry$$0000000A)
    __rt_entry_postsh_1                      0x0800014b   Thumb Code     0  __rtentry2.o(.ARM.Collect$$rtentry$$00000009)
    __rt_entry_main                          0x0800014f   Thumb Code     0  __rtentry2.o(.ARM.Collect$$rtentry$$0000000D)
    __rt_entry_postli_1                      0x0800014f   Thumb Code     0  __rtentry2.o(.ARM.Collect$$rtentry$$0000000C)
    __rt_exit                                0x08000157   Thumb Code     0  rtexit.o(.ARM.Collect$$rtexit$$00000000)
    __rt_exit_ls                             0x08000159   Thumb Code     0  rtexit2.o(.ARM.Collect$$rtexit$$00000003)
    __rt_exit_prels_1                        0x08000159   Thumb Code     0  rtexit2.o(.ARM.Collect$$rtexit$$00000002)
    __rt_exit_exit                           0x0800015d   Thumb Code     0  rtexit2.o(.ARM.Collect$$rtexit$$00000004)
    Reset_Handler                            0x08000165   Thumb Code    14  startup_mm32f0140_keil.o(.text)
    NMI_Handler                              0x08000173   Thumb Code     2  startup_mm32f0140_keil.o(.text)
    HardFault_Handler                        0x08000175   Thumb Code     2  startup_mm32f0140_keil.o(.text)
    SVC_Handler                              0x08000177   Thumb Code     2  startup_mm32f0140_keil.o(.text)
    PendSV_Handler                           0x08000179   Thumb Code     2  startup_mm32f0140_keil.o(.text)
    SysTick_Handler                          0x0800017b   Thumb Code     2  startup_mm32f0140_keil.o(.text)
    ADC_COMP_IRQHandler                      0x0800017d   Thumb Code     0  startup_mm32f0140_keil.o(.text)
    DMA1_Channel1_IRQHandler                 0x0800017d   Thumb Code     0  startup_mm32f0140_keil.o(.text)
    DMA1_Channel2_3_IRQHandler               0x0800017d   Thumb Code     0  startup_mm32f0140_keil.o(.text)
    DMA1_Channel4_5_IRQHandler               0x0800017d   Thumb Code     0  startup_mm32f0140_keil.o(.text)
    EXTI0_1_IRQHandler                       0x0800017d   Thumb Code     0  startup_mm32f0140_keil.o(.text)
    EXTI2_3_IRQHandler                       0x0800017d   Thumb Code     0  startup_mm32f0140_keil.o(.text)
    EXTI4_15_IRQHandler                      0x0800017d   Thumb Code     0  startup_mm32f0140_keil.o(.text)
    FLASH_IRQHandler                         0x0800017d   Thumb Code     0  startup_mm32f0140_keil.o(.text)
    FLEX_CAN_IRQHandler                      0x0800017d   Thumb Code     0  startup_mm32f0140_keil.o(.text)
    HWDIV_IRQHandler                         0x0800017d   Thumb Code     0  startup_mm32f0140_keil.o(.text)
    I2C1_IRQHandler                          0x0800017d   Thumb Code     0  startup_mm32f0140_keil.o(.text)
    PVD_VDT_IRQHandler                       0x0800017d   Thumb Code     0  startup_mm32f0140_keil.o(.text)
    RCC_IRQHandler                           0x0800017d   Thumb Code     0  startup_mm32f0140_keil.o(.text)
    SPI1_IRQHandler                          0x0800017d   Thumb Code     0  startup_mm32f0140_keil.o(.text)
    SPI2_IRQHandler                          0x0800017d   Thumb Code     0  startup_mm32f0140_keil.o(.text)
    TIM14_IRQHandler                         0x0800017d   Thumb Code     0  startup_mm32f0140_keil.o(.text)
    TIM16_IRQHandler                         0x0800017d   Thumb Code     0  startup_mm32f0140_keil.o(.text)
    TIM17_IRQHandler                         0x0800017d   Thumb Code     0  startup_mm32f0140_keil.o(.text)
    TIM1_BRK_UP_TRG_COM_IRQHandler           0x0800017d   Thumb Code     0  startup_mm32f0140_keil.o(.text)
    TIM1_CC_IRQHandler                       0x0800017d   Thumb Code     0  startup_mm32f0140_keil.o(.text)
    TIM2_IRQHandler                          0x0800017d   Thumb Code     0  startup_mm32f0140_keil.o(.text)
    TIM3_IRQHandler                          0x0800017d   Thumb Code     0  startup_mm32f0140_keil.o(.text)
    UART1_IRQHandler                         0x0800017d   Thumb Code     0  startup_mm32f0140_keil.o(.text)
    UART2_IRQHandler                         0x0800017d   Thumb Code     0  startup_mm32f0140_keil.o(.text)
    UART3_IRQHandler                         0x0800017d   Thumb Code     0  startup_mm32f0140_keil.o(.text)
    WWDG_IWDG_IRQHandler                     0x0800017d   Thumb Code     0  startup_mm32f0140_keil.o(.text)
    __user_initial_stackheap                 0x08000181   Thumb Code     0  startup_mm32f0140_keil.o(.text)
    __use_two_region_memory                  0x080001a9   Thumb Code     2  heapauxi.o(.text)
    __rt_heap_escrow$2region                 0x080001ab   Thumb Code     2  heapauxi.o(.text)
    __rt_heap_expand$2region                 0x080001ad   Thumb Code     2  heapauxi.o(.text)
    __user_setup_stackheap                   0x080001af   Thumb Code    62  sys_stackheap_outer.o(.text)
    exit                                     0x080001ed   Thumb Code    16  exit.o(.text)
    __user_libspace                          0x080001fd   Thumb Code     8  libspace.o(.text)
    __user_perproc_libspace                  0x080001fd   Thumb Code     0  libspace.o(.text)
    __user_perthread_libspace                0x080001fd   Thumb Code     0  libspace.o(.text)
    _sys_exit                                0x08000205   Thumb Code     8  sys_exit.o(.text)
    __I$use$semihosting                      0x08000211   Thumb Code     0  use_no_semi.o(.text)
    __use_no_semihosting_swi                 0x08000211   Thumb Code     2  use_no_semi.o(.text)
    __semihosting_library_function           0x08000213   Thumb Code     0  indicate_semi.o(.text)
    SystemInit                               0x08000215   Thumb Code   476  system_mm32f0140.o(.text.SystemInit)
    main                                     0x08000421   Thumb Code     2  main.o(.text.main)
    __aeabi_uidiv                            0x08000423   Thumb Code    68  aeabi_sdivfast.o(.text_divfast)
    __aeabi_idiv                             0x08000467   Thumb Code   434  aeabi_sdivfast.o(.text_divfast)
    Region$$Table$$Base                      0x08000618   Number         0  anon$$obj.o(Region$$Table)
    Region$$Table$$Limit                     0x08000638   Number         0  anon$$obj.o(Region$$Table)
    SystemCoreClock                          0x20000000   Data           4  system_mm32f0140.o(.data.SystemCoreClock)
    __libspace_start                         0x20000008   Data          96  libspace.o(.bss)
    __temporary_stack_top$libspace           0x20000068   Data           0  libspace.o(.bss)



==============================================================================

Memory Map of the image

  Image Entry point : 0x080000c1

  Load Region LR_IROM1 (Base: 0x08000000, Size: 0x00000640, Max: 0x00010000, ABSOLUTE)

    Execution Region ER_IROM1 (Exec base: 0x08000000, Load base: 0x08000000, Size: 0x00000638, Max: 0x00010000, ABSOLUTE)

    Exec Addr    Load Addr    Size         Type   Attr      Idx    E Section Name        Object

    0x08000000   0x08000000   0x000000c0   Data   RO         1091    RESET               startup_mm32f0140_keil.o
    0x080000c0   0x080000c0   0x00000008   Code   RO         1126  * !!!main             c_p.l(__main.o)
    0x080000c8   0x080000c8   0x0000003c   Code   RO         1303    !!!scatter          c_p.l(__scatter.o)
    0x08000104   0x08000104   0x0000001a   Code   RO         1305    !!handler_copy      c_p.l(__scatter_copy.o)
    0x0800011e   0x0800011e   0x00000002   PAD
    0x08000120   0x08000120   0x0000001c   Code   RO         1307    !!handler_zi        c_p.l(__scatter_zi.o)
    0x0800013c   0x0800013c   0x00000002   Code   RO         1164    .ARM.Collect$$libinit$$00000000  c_p.l(libinit.o)
    0x0800013e   0x0800013e   0x00000000   Code   RO         1178    .ARM.Collect$$libinit$$00000002  c_p.l(libinit2.o)
    0x0800013e   0x0800013e   0x00000000   Code   RO         1180    .ARM.Collect$$libinit$$00000004  c_p.l(libinit2.o)
    0x0800013e   0x0800013e   0x00000000   Code   RO         1182    .ARM.Collect$$libinit$$00000006  c_p.l(libinit2.o)
    0x0800013e   0x0800013e   0x00000000   Code   RO         1185    .ARM.Collect$$libinit$$0000000C  c_p.l(libinit2.o)
    0x0800013e   0x0800013e   0x00000000   Code   RO         1187    .ARM.Collect$$libinit$$0000000E  c_p.l(libinit2.o)
    0x0800013e   0x0800013e   0x00000000   Code   RO         1189    .ARM.Collect$$libinit$$00000010  c_p.l(libinit2.o)
    0x0800013e   0x0800013e   0x00000000   Code   RO         1192    .ARM.Collect$$libinit$$00000013  c_p.l(libinit2.o)
    0x0800013e   0x0800013e   0x00000000   Code   RO         1194    .ARM.Collect$$libinit$$00000015  c_p.l(libinit2.o)
    0x0800013e   0x0800013e   0x00000000   Code   RO         1196    .ARM.Collect$$libinit$$00000017  c_p.l(libinit2.o)
    0x0800013e   0x0800013e   0x00000000   Code   RO         1198    .ARM.Collect$$libinit$$00000019  c_p.l(libinit2.o)
    0x0800013e   0x0800013e   0x00000000   Code   RO         1200    .ARM.Collect$$libinit$$0000001B  c_p.l(libinit2.o)
    0x0800013e   0x0800013e   0x00000000   Code   RO         1202    .ARM.Collect$$libinit$$0000001D  c_p.l(libinit2.o)
    0x0800013e   0x0800013e   0x00000000   Code   RO         1204    .ARM.Collect$$libinit$$0000001F  c_p.l(libinit2.o)
    0x0800013e   0x0800013e   0x00000000   Code   RO         1206    .ARM.Collect$$libinit$$00000021  c_p.l(libinit2.o)
    0x0800013e   0x0800013e   0x00000000   Code   RO         1208    .ARM.Collect$$libinit$$00000023  c_p.l(libinit2.o)
    0x0800013e   0x0800013e   0x00000000   Code   RO         1210    .ARM.Collect$$libinit$$00000025  c_p.l(libinit2.o)
    0x0800013e   0x0800013e   0x00000000   Code   RO         1212    .ARM.Collect$$libinit$$00000027  c_p.l(libinit2.o)
    0x0800013e   0x0800013e   0x00000000   Code   RO         1216    .ARM.Collect$$libinit$$0000002E  c_p.l(libinit2.o)
    0x0800013e   0x0800013e   0x00000000   Code   RO         1218    .ARM.Collect$$libinit$$00000030  c_p.l(libinit2.o)
    0x0800013e   0x0800013e   0x00000000   Code   RO         1220    .ARM.Collect$$libinit$$00000032  c_p.l(libinit2.o)
    0x0800013e   0x0800013e   0x00000000   Code   RO         1222    .ARM.Collect$$libinit$$00000034  c_p.l(libinit2.o)
    0x0800013e   0x0800013e   0x00000002   Code   RO         1223    .ARM.Collect$$libinit$$00000035  c_p.l(libinit2.o)
    0x08000140   0x08000140   0x00000002   Code   RO         1258    .ARM.Collect$$libshutdown$$00000000  c_p.l(libshutdown.o)
    0x08000142   0x08000142   0x00000000   Code   RO         1286    .ARM.Collect$$libshutdown$$00000002  c_p.l(libshutdown2.o)
    0x08000142   0x08000142   0x00000000   Code   RO         1288    .ARM.Collect$$libshutdown$$00000004  c_p.l(libshutdown2.o)
    0x08000142   0x08000142   0x00000000   Code   RO         1291    .ARM.Collect$$libshutdown$$00000007  c_p.l(libshutdown2.o)
    0x08000142   0x08000142   0x00000000   Code   RO         1294    .ARM.Collect$$libshutdown$$0000000A  c_p.l(libshutdown2.o)
    0x08000142   0x08000142   0x00000000   Code   RO         1296    .ARM.Collect$$libshutdown$$0000000C  c_p.l(libshutdown2.o)
    0x08000142   0x08000142   0x00000000   Code   RO         1299    .ARM.Collect$$libshutdown$$0000000F  c_p.l(libshutdown2.o)
    0x08000142   0x08000142   0x00000002   Code   RO         1300    .ARM.Collect$$libshutdown$$00000010  c_p.l(libshutdown2.o)
    0x08000144   0x08000144   0x00000000   Code   RO         1128    .ARM.Collect$$rtentry$$00000000  c_p.l(__rtentry.o)
    0x08000144   0x08000144   0x00000000   Code   RO         1134    .ARM.Collect$$rtentry$$00000002  c_p.l(__rtentry2.o)
    0x08000144   0x08000144   0x00000006   Code   RO         1146    .ARM.Collect$$rtentry$$00000004  c_p.l(__rtentry4.o)
    0x0800014a   0x0800014a   0x00000000   Code   RO         1136    .ARM.Collect$$rtentry$$00000009  c_p.l(__rtentry2.o)
    0x0800014a   0x0800014a   0x00000004   Code   RO         1137    .ARM.Collect$$rtentry$$0000000A  c_p.l(__rtentry2.o)
    0x0800014e   0x0800014e   0x00000000   Code   RO         1139    .ARM.Collect$$rtentry$$0000000C  c_p.l(__rtentry2.o)
    0x0800014e   0x0800014e   0x00000008   Code   RO         1140    .ARM.Collect$$rtentry$$0000000D  c_p.l(__rtentry2.o)
    0x08000156   0x08000156   0x00000002   Code   RO         1169    .ARM.Collect$$rtexit$$00000000  c_p.l(rtexit.o)
    0x08000158   0x08000158   0x00000000   Code   RO         1229    .ARM.Collect$$rtexit$$00000002  c_p.l(rtexit2.o)
    0x08000158   0x08000158   0x00000004   Code   RO         1230    .ARM.Collect$$rtexit$$00000003  c_p.l(rtexit2.o)
    0x0800015c   0x0800015c   0x00000006   Code   RO         1231    .ARM.Collect$$rtexit$$00000004  c_p.l(rtexit2.o)
    0x08000162   0x08000162   0x00000002   PAD
    0x08000164   0x08000164   0x00000044   Code   RO         1092    .text               startup_mm32f0140_keil.o
    0x080001a8   0x080001a8   0x00000006   Code   RO         1124    .text               c_p.l(heapauxi.o)
    0x080001ae   0x080001ae   0x0000003e   Code   RO         1150    .text               c_p.l(sys_stackheap_outer.o)
    0x080001ec   0x080001ec   0x00000010   Code   RO         1153    .text               c_p.l(exit.o)
    0x080001fc   0x080001fc   0x00000008   Code   RO         1165    .text               c_p.l(libspace.o)
    0x08000204   0x08000204   0x0000000c   Code   RO         1224    .text               c_p.l(sys_exit.o)
    0x08000210   0x08000210   0x00000002   Code   RO         1247    .text               c_p.l(use_no_semi.o)
    0x08000212   0x08000212   0x00000000   Code   RO         1249    .text               c_p.l(indicate_semi.o)
    0x08000212   0x08000212   0x00000002   PAD
    0x08000214   0x08000214   0x0000020c   Code   RO         1099    .text.SystemInit    system_mm32f0140.o
    0x08000420   0x08000420   0x00000002   Code   RO            2    .text.main          main.o
    0x08000422   0x08000422   0x000001f6   Code   RO         1117    .text_divfast       c_p.l(aeabi_sdivfast.o)
    0x08000618   0x08000618   0x00000020   Data   RO         1302    Region$$Table       anon$$obj.o


    Execution Region RW_IRAM1 (Exec base: 0x20000000, Load base: 0x08000638, Size: 0x00000668, Max: 0x00002000, ABSOLUTE)

    Exec Addr    Load Addr    Size         Type   Attr      Idx    E Section Name        Object

    0x20000000   0x08000638   0x00000004   Data   RW         1103    .data.SystemCoreClock  system_mm32f0140.o
    0x20000004   0x0800063c   0x00000004   PAD
    0x20000008        -       0x00000060   Zero   RW         1166    .bss                c_p.l(libspace.o)
    0x20000068        -       0x00000200   Zero   RW         1090    HEAP                startup_mm32f0140_keil.o
    0x20000268        -       0x00000400   Zero   RW         1089    STACK               startup_mm32f0140_keil.o


==============================================================================

Image component sizes


      Code (inc. data)   RO Data    RW Data    ZI Data      Debug   Object Name

         2          0          0          0          0        380   main.o
        68         32        192          0       1536        660   startup_mm32f0140_keil.o
       524         48          0          4          0       3864   system_mm32f0140.o

    ----------------------------------------------------------------------
       594         80        224          4       1540       4904   Object Totals
         0          0         32          0          0          0   (incl. Generated)
         0          0          0          0          4          0   (incl. Padding)

    ----------------------------------------------------------------------

      Code (inc. data)   RO Data    RW Data    ZI Data      Debug   Library Member Name

         8          0          0          0          0         68   __main.o
         0          0          0          0          0          0   __rtentry.o
        12          0          0          0          0          0   __rtentry2.o
         6          0          0          0          0          0   __rtentry4.o
        60          8          0          0          0          0   __scatter.o
        26          0          0          0          0          0   __scatter_copy.o
        28          0          0          0          0          0   __scatter_zi.o
       502          0          0          0          0         92   aeabi_sdivfast.o
        16          0          0          0          0         68   exit.o
         6          0          0          0          0        136   heapauxi.o
         0          0          0          0          0          0   indicate_semi.o
         2          0          0          0          0          0   libinit.o
         2          0          0          0          0          0   libinit2.o
         2          0          0          0          0          0   libshutdown.o
         2          0          0          0          0          0   libshutdown2.o
         8          4          0          0         96         68   libspace.o
         2          0          0          0          0          0   rtexit.o
        10          0          0          0          0          0   rtexit2.o
        12          4          0          0          0         60   sys_exit.o
        62          0          0          0          0         80   sys_stackheap_outer.o
         2          0          0          0          0         68   use_no_semi.o

    ----------------------------------------------------------------------
       774         16          0          0         96        640   Library Totals
         6          0          0          0          0          0   (incl. Padding)

    ----------------------------------------------------------------------

      Code (inc. data)   RO Data    RW Data    ZI Data      Debug   Library Name

       768         16          0          0         96        640   c_p.l

    ----------------------------------------------------------------------
       774         16          0          0         96        640   Library Totals

    ----------------------------------------------------------------------

==============================================================================


      Code (inc. data)   RO Data    RW Data    ZI Data      Debug   

      1368         96        224          4       1636       5380   Grand Totals
      1368         96        224          4       1636       5380   ELF Image Totals
      1368         96        224          4          0          0   ROM Totals

==============================================================================

    Total RO  Size (Code + RO Data)                 1592 (   1.55kB)
    Total RW  Size (RW Data + ZI Data)              1640 (   1.60kB)
    Total ROM Size (Code + RO Data + RW Data)       1596 (   1.56kB)

==============================================================================

